
Discarded input sections

 .text          0x00000000       0x18 out/nanohub/nucleo/app/test0/../../lib/builtins/aeabi_ldivmod.o
 .data          0x00000000        0x0 out/nanohub/nucleo/app/test0/../../lib/builtins/aeabi_ldivmod.o
 .bss           0x00000000        0x0 out/nanohub/nucleo/app/test0/../../lib/builtins/aeabi_ldivmod.o
 .debug_line    0x00000000       0x51 out/nanohub/nucleo/app/test0/../../lib/builtins/aeabi_ldivmod.o
 .debug_line_str
                0x00000000       0x5c out/nanohub/nucleo/app/test0/../../lib/builtins/aeabi_ldivmod.o
 .debug_info    0x00000000       0x31 out/nanohub/nucleo/app/test0/../../lib/builtins/aeabi_ldivmod.o
 .debug_abbrev  0x00000000       0x28 out/nanohub/nucleo/app/test0/../../lib/builtins/aeabi_ldivmod.o
 .debug_aranges
                0x00000000       0x20 out/nanohub/nucleo/app/test0/../../lib/builtins/aeabi_ldivmod.o
 .debug_str     0x00000000       0x7a out/nanohub/nucleo/app/test0/../../lib/builtins/aeabi_ldivmod.o
 .ARM.attributes
                0x00000000       0x20 out/nanohub/nucleo/app/test0/../../lib/builtins/aeabi_ldivmod.o
 .text          0x00000000       0x18 out/nanohub/nucleo/app/test0/../../lib/builtins/aeabi_uldivmod.o
 .data          0x00000000        0x0 out/nanohub/nucleo/app/test0/../../lib/builtins/aeabi_uldivmod.o
 .bss           0x00000000        0x0 out/nanohub/nucleo/app/test0/../../lib/builtins/aeabi_uldivmod.o
 .debug_line    0x00000000       0x51 out/nanohub/nucleo/app/test0/../../lib/builtins/aeabi_uldivmod.o
 .debug_line_str
                0x00000000       0x5d out/nanohub/nucleo/app/test0/../../lib/builtins/aeabi_uldivmod.o
 .debug_info    0x00000000       0x31 out/nanohub/nucleo/app/test0/../../lib/builtins/aeabi_uldivmod.o
 .debug_abbrev  0x00000000       0x28 out/nanohub/nucleo/app/test0/../../lib/builtins/aeabi_uldivmod.o
 .debug_aranges
                0x00000000       0x20 out/nanohub/nucleo/app/test0/../../lib/builtins/aeabi_uldivmod.o
 .debug_str     0x00000000       0x7c out/nanohub/nucleo/app/test0/../../lib/builtins/aeabi_uldivmod.o
 .ARM.attributes
                0x00000000       0x20 out/nanohub/nucleo/app/test0/../../lib/builtins/aeabi_uldivmod.o
 .text          0x00000000        0x0 out/nanohub/nucleo/app/test0/test_app0.o
 .data          0x00000000        0x0 out/nanohub/nucleo/app/test0/test_app0.o
 .bss           0x00000000        0x0 out/nanohub/nucleo/app/test0/test_app0.o
 .text          0x00000000        0x0 out/nanohub/nucleo/app/test0/../../lib/libm/ef_atan2.o
 .data          0x00000000        0x0 out/nanohub/nucleo/app/test0/../../lib/libm/ef_atan2.o
 .bss           0x00000000        0x0 out/nanohub/nucleo/app/test0/../../lib/libm/ef_atan2.o
 .text.__ieee754_atan2f
                0x00000000      0x134 out/nanohub/nucleo/app/test0/../../lib/libm/ef_atan2.o
 .rodata.CSWTCH.9
                0x00000000        0xc out/nanohub/nucleo/app/test0/../../lib/libm/ef_atan2.o
 .rodata.CSWTCH.8
                0x00000000        0xc out/nanohub/nucleo/app/test0/../../lib/libm/ef_atan2.o
 .debug_info    0x00000000      0x2b3 out/nanohub/nucleo/app/test0/../../lib/libm/ef_atan2.o
 .debug_abbrev  0x00000000      0x147 out/nanohub/nucleo/app/test0/../../lib/libm/ef_atan2.o
 .debug_loclists
                0x00000000      0x319 out/nanohub/nucleo/app/test0/../../lib/libm/ef_atan2.o
 .debug_aranges
                0x00000000       0x20 out/nanohub/nucleo/app/test0/../../lib/libm/ef_atan2.o
 .debug_rnglists
                0x00000000       0x2c out/nanohub/nucleo/app/test0/../../lib/libm/ef_atan2.o
 .debug_line    0x00000000      0x240 out/nanohub/nucleo/app/test0/../../lib/libm/ef_atan2.o
 .debug_str     0x00000000      0x2d1 out/nanohub/nucleo/app/test0/../../lib/libm/ef_atan2.o
 .comment       0x00000000       0x46 out/nanohub/nucleo/app/test0/../../lib/libm/ef_atan2.o
 .debug_frame   0x00000000       0x38 out/nanohub/nucleo/app/test0/../../lib/libm/ef_atan2.o
 .ARM.attributes
                0x00000000       0x2e out/nanohub/nucleo/app/test0/../../lib/libm/ef_atan2.o
 .text          0x00000000        0x0 out/nanohub/nucleo/app/test0/../../lib/libm/ef_asin.o
 .data          0x00000000        0x0 out/nanohub/nucleo/app/test0/../../lib/libm/ef_asin.o
 .bss           0x00000000        0x0 out/nanohub/nucleo/app/test0/../../lib/libm/ef_asin.o
 .text.__ieee754_asinf
                0x00000000      0x1b0 out/nanohub/nucleo/app/test0/../../lib/libm/ef_asin.o
 .debug_info    0x00000000      0x314 out/nanohub/nucleo/app/test0/../../lib/libm/ef_asin.o
 .debug_abbrev  0x00000000      0x14a out/nanohub/nucleo/app/test0/../../lib/libm/ef_asin.o
 .debug_loclists
                0x00000000      0x26d out/nanohub/nucleo/app/test0/../../lib/libm/ef_asin.o
 .debug_aranges
                0x00000000       0x20 out/nanohub/nucleo/app/test0/../../lib/libm/ef_asin.o
 .debug_rnglists
                0x00000000       0x20 out/nanohub/nucleo/app/test0/../../lib/libm/ef_asin.o
 .debug_line    0x00000000      0x1f7 out/nanohub/nucleo/app/test0/../../lib/libm/ef_asin.o
 .debug_str     0x00000000      0x2d8 out/nanohub/nucleo/app/test0/../../lib/libm/ef_asin.o
 .comment       0x00000000       0x46 out/nanohub/nucleo/app/test0/../../lib/libm/ef_asin.o
 .debug_frame   0x00000000       0x48 out/nanohub/nucleo/app/test0/../../lib/libm/ef_asin.o
 .ARM.attributes
                0x00000000       0x2e out/nanohub/nucleo/app/test0/../../lib/libm/ef_asin.o
 .text          0x00000000        0x0 out/nanohub/nucleo/app/test0/../../lib/libm/ef_exp.o
 .data          0x00000000        0x0 out/nanohub/nucleo/app/test0/../../lib/libm/ef_exp.o
 .bss           0x00000000        0x0 out/nanohub/nucleo/app/test0/../../lib/libm/ef_exp.o
 .text.__ieee754_expf
                0x00000000      0x1ac out/nanohub/nucleo/app/test0/../../lib/libm/ef_exp.o
 .rodata.ln2LO  0x00000000        0x8 out/nanohub/nucleo/app/test0/../../lib/libm/ef_exp.o
 .rodata.ln2HI  0x00000000        0x8 out/nanohub/nucleo/app/test0/../../lib/libm/ef_exp.o
 .rodata.halF   0x00000000        0x8 out/nanohub/nucleo/app/test0/../../lib/libm/ef_exp.o
 .debug_info    0x00000000      0x2e9 out/nanohub/nucleo/app/test0/../../lib/libm/ef_exp.o
 .debug_abbrev  0x00000000      0x14b out/nanohub/nucleo/app/test0/../../lib/libm/ef_exp.o
 .debug_loclists
                0x00000000      0x21e out/nanohub/nucleo/app/test0/../../lib/libm/ef_exp.o
 .debug_aranges
                0x00000000       0x20 out/nanohub/nucleo/app/test0/../../lib/libm/ef_exp.o
 .debug_rnglists
                0x00000000       0x71 out/nanohub/nucleo/app/test0/../../lib/libm/ef_exp.o
 .debug_line    0x00000000      0x243 out/nanohub/nucleo/app/test0/../../lib/libm/ef_exp.o
 .debug_str     0x00000000      0x2ce out/nanohub/nucleo/app/test0/../../lib/libm/ef_exp.o
 .comment       0x00000000       0x46 out/nanohub/nucleo/app/test0/../../lib/libm/ef_exp.o
 .debug_frame   0x00000000       0x20 out/nanohub/nucleo/app/test0/../../lib/libm/ef_exp.o
 .ARM.attributes
                0x00000000       0x2e out/nanohub/nucleo/app/test0/../../lib/libm/ef_exp.o
 .text          0x00000000        0x0 out/nanohub/nucleo/app/test0/../../lib/libm/ef_fmod.o
 .data          0x00000000        0x0 out/nanohub/nucleo/app/test0/../../lib/libm/ef_fmod.o
 .bss           0x00000000        0x0 out/nanohub/nucleo/app/test0/../../lib/libm/ef_fmod.o
 .text.__ieee754_fmodf
                0x00000000       0xfc out/nanohub/nucleo/app/test0/../../lib/libm/ef_fmod.o
 .rodata.Zero   0x00000000        0x8 out/nanohub/nucleo/app/test0/../../lib/libm/ef_fmod.o
 .debug_info    0x00000000      0x237 out/nanohub/nucleo/app/test0/../../lib/libm/ef_fmod.o
 .debug_abbrev  0x00000000      0x129 out/nanohub/nucleo/app/test0/../../lib/libm/ef_fmod.o
 .debug_loclists
                0x00000000      0x39c out/nanohub/nucleo/app/test0/../../lib/libm/ef_fmod.o
 .debug_aranges
                0x00000000       0x20 out/nanohub/nucleo/app/test0/../../lib/libm/ef_fmod.o
 .debug_rnglists
                0x00000000       0x38 out/nanohub/nucleo/app/test0/../../lib/libm/ef_fmod.o
 .debug_line    0x00000000      0x283 out/nanohub/nucleo/app/test0/../../lib/libm/ef_fmod.o
 .debug_str     0x00000000      0x2b0 out/nanohub/nucleo/app/test0/../../lib/libm/ef_fmod.o
 .comment       0x00000000       0x46 out/nanohub/nucleo/app/test0/../../lib/libm/ef_fmod.o
 .debug_frame   0x00000000       0x30 out/nanohub/nucleo/app/test0/../../lib/libm/ef_fmod.o
 .ARM.attributes
                0x00000000       0x2e out/nanohub/nucleo/app/test0/../../lib/libm/ef_fmod.o
 .text          0x00000000        0x0 out/nanohub/nucleo/app/test0/../../lib/libm/ef_pow.o
 .data          0x00000000        0x0 out/nanohub/nucleo/app/test0/../../lib/libm/ef_pow.o
 .bss           0x00000000        0x0 out/nanohub/nucleo/app/test0/../../lib/libm/ef_pow.o
 .text.__ieee754_powf
                0x00000000      0x4e0 out/nanohub/nucleo/app/test0/../../lib/libm/ef_pow.o
 .rodata.dp_l   0x00000000        0x8 out/nanohub/nucleo/app/test0/../../lib/libm/ef_pow.o
 .rodata.dp_h   0x00000000        0x8 out/nanohub/nucleo/app/test0/../../lib/libm/ef_pow.o
 .rodata.bp     0x00000000        0x8 out/nanohub/nucleo/app/test0/../../lib/libm/ef_pow.o
 .debug_info    0x00000000      0x7c3 out/nanohub/nucleo/app/test0/../../lib/libm/ef_pow.o
 .debug_abbrev  0x00000000      0x1bf out/nanohub/nucleo/app/test0/../../lib/libm/ef_pow.o
 .debug_loclists
                0x00000000      0xae0 out/nanohub/nucleo/app/test0/../../lib/libm/ef_pow.o
 .debug_aranges
                0x00000000       0x20 out/nanohub/nucleo/app/test0/../../lib/libm/ef_pow.o
 .debug_rnglists
                0x00000000       0x78 out/nanohub/nucleo/app/test0/../../lib/libm/ef_pow.o
 .debug_line    0x00000000      0x6bc out/nanohub/nucleo/app/test0/../../lib/libm/ef_pow.o
 .debug_str     0x00000000      0x313 out/nanohub/nucleo/app/test0/../../lib/libm/ef_pow.o
 .comment       0x00000000       0x46 out/nanohub/nucleo/app/test0/../../lib/libm/ef_pow.o
 .debug_frame   0x00000000       0x58 out/nanohub/nucleo/app/test0/../../lib/libm/ef_pow.o
 .ARM.attributes
                0x00000000       0x2e out/nanohub/nucleo/app/test0/../../lib/libm/ef_pow.o
 .text          0x00000000        0x0 out/nanohub/nucleo/app/test0/../../lib/libm/ef_rem_pio2.o
 .data          0x00000000        0x0 out/nanohub/nucleo/app/test0/../../lib/libm/ef_rem_pio2.o
 .bss           0x00000000        0x0 out/nanohub/nucleo/app/test0/../../lib/libm/ef_rem_pio2.o
 .text.__ieee754_rem_pio2f
                0x00000000      0x21c out/nanohub/nucleo/app/test0/../../lib/libm/ef_rem_pio2.o
 .rodata.npio2_hw
                0x00000000       0x80 out/nanohub/nucleo/app/test0/../../lib/libm/ef_rem_pio2.o
 .rodata.two_over_pi
                0x00000000      0x318 out/nanohub/nucleo/app/test0/../../lib/libm/ef_rem_pio2.o
 .debug_info    0x00000000      0x3c0 out/nanohub/nucleo/app/test0/../../lib/libm/ef_rem_pio2.o
 .debug_abbrev  0x00000000      0x17d out/nanohub/nucleo/app/test0/../../lib/libm/ef_rem_pio2.o
 .debug_loclists
                0x00000000      0x430 out/nanohub/nucleo/app/test0/../../lib/libm/ef_rem_pio2.o
 .debug_aranges
                0x00000000       0x20 out/nanohub/nucleo/app/test0/../../lib/libm/ef_rem_pio2.o
 .debug_rnglists
                0x00000000       0x2f out/nanohub/nucleo/app/test0/../../lib/libm/ef_rem_pio2.o
 .debug_line    0x00000000      0x353 out/nanohub/nucleo/app/test0/../../lib/libm/ef_rem_pio2.o
 .debug_str     0x00000000      0x324 out/nanohub/nucleo/app/test0/../../lib/libm/ef_rem_pio2.o
 .comment       0x00000000       0x46 out/nanohub/nucleo/app/test0/../../lib/libm/ef_rem_pio2.o
 .debug_frame   0x00000000       0x34 out/nanohub/nucleo/app/test0/../../lib/libm/ef_rem_pio2.o
 .ARM.attributes
                0x00000000       0x2e out/nanohub/nucleo/app/test0/../../lib/libm/ef_rem_pio2.o
 .text          0x00000000        0x0 out/nanohub/nucleo/app/test0/../../lib/libm/ef_sqrt.o
 .data          0x00000000        0x0 out/nanohub/nucleo/app/test0/../../lib/libm/ef_sqrt.o
 .bss           0x00000000        0x0 out/nanohub/nucleo/app/test0/../../lib/libm/ef_sqrt.o
 .text.__ieee754_sqrtf
                0x00000000       0x98 out/nanohub/nucleo/app/test0/../../lib/libm/ef_sqrt.o
 .debug_info    0x00000000      0x1f2 out/nanohub/nucleo/app/test0/../../lib/libm/ef_sqrt.o
 .debug_abbrev  0x00000000       0xfd out/nanohub/nucleo/app/test0/../../lib/libm/ef_sqrt.o
 .debug_loclists
                0x00000000      0x1b8 out/nanohub/nucleo/app/test0/../../lib/libm/ef_sqrt.o
 .debug_aranges
                0x00000000       0x20 out/nanohub/nucleo/app/test0/../../lib/libm/ef_sqrt.o
 .debug_rnglists
                0x00000000       0x20 out/nanohub/nucleo/app/test0/../../lib/libm/ef_sqrt.o
 .debug_line    0x00000000      0x1e6 out/nanohub/nucleo/app/test0/../../lib/libm/ef_sqrt.o
 .debug_str     0x00000000      0x2b0 out/nanohub/nucleo/app/test0/../../lib/libm/ef_sqrt.o
 .comment       0x00000000       0x46 out/nanohub/nucleo/app/test0/../../lib/libm/ef_sqrt.o
 .debug_frame   0x00000000       0x2c out/nanohub/nucleo/app/test0/../../lib/libm/ef_sqrt.o
 .ARM.attributes
                0x00000000       0x2e out/nanohub/nucleo/app/test0/../../lib/libm/ef_sqrt.o
 .text          0x00000000        0x0 out/nanohub/nucleo/app/test0/../../lib/libm/kf_cos.o
 .data          0x00000000        0x0 out/nanohub/nucleo/app/test0/../../lib/libm/kf_cos.o
 .bss           0x00000000        0x0 out/nanohub/nucleo/app/test0/../../lib/libm/kf_cos.o
 .text.__kernel_cosf
                0x00000000       0x84 out/nanohub/nucleo/app/test0/../../lib/libm/kf_cos.o
 .debug_info    0x00000000      0x1ea out/nanohub/nucleo/app/test0/../../lib/libm/kf_cos.o
 .debug_abbrev  0x00000000      0x11b out/nanohub/nucleo/app/test0/../../lib/libm/kf_cos.o
 .debug_loclists
                0x00000000       0x83 out/nanohub/nucleo/app/test0/../../lib/libm/kf_cos.o
 .debug_aranges
                0x00000000       0x20 out/nanohub/nucleo/app/test0/../../lib/libm/kf_cos.o
 .debug_rnglists
                0x00000000       0x14 out/nanohub/nucleo/app/test0/../../lib/libm/kf_cos.o
 .debug_line    0x00000000       0xf9 out/nanohub/nucleo/app/test0/../../lib/libm/kf_cos.o
 .debug_str     0x00000000      0x2a8 out/nanohub/nucleo/app/test0/../../lib/libm/kf_cos.o
 .comment       0x00000000       0x46 out/nanohub/nucleo/app/test0/../../lib/libm/kf_cos.o
 .debug_frame   0x00000000       0x20 out/nanohub/nucleo/app/test0/../../lib/libm/kf_cos.o
 .ARM.attributes
                0x00000000       0x2e out/nanohub/nucleo/app/test0/../../lib/libm/kf_cos.o
 .text          0x00000000        0x0 out/nanohub/nucleo/app/test0/../../lib/libm/kf_rem_pio2.o
 .data          0x00000000        0x0 out/nanohub/nucleo/app/test0/../../lib/libm/kf_rem_pio2.o
 .bss           0x00000000        0x0 out/nanohub/nucleo/app/test0/../../lib/libm/kf_rem_pio2.o
 .text.__kernel_rem_pio2f
                0x00000000      0x560 out/nanohub/nucleo/app/test0/../../lib/libm/kf_rem_pio2.o
 .rodata.PIo2   0x00000000       0x2c out/nanohub/nucleo/app/test0/../../lib/libm/kf_rem_pio2.o
 .rodata.init_jk
                0x00000000        0xc out/nanohub/nucleo/app/test0/../../lib/libm/kf_rem_pio2.o
 .debug_info    0x00000000      0x45f out/nanohub/nucleo/app/test0/../../lib/libm/kf_rem_pio2.o
 .debug_abbrev  0x00000000      0x173 out/nanohub/nucleo/app/test0/../../lib/libm/kf_rem_pio2.o
 .debug_loclists
                0x00000000      0x6d4 out/nanohub/nucleo/app/test0/../../lib/libm/kf_rem_pio2.o
 .debug_aranges
                0x00000000       0x20 out/nanohub/nucleo/app/test0/../../lib/libm/kf_rem_pio2.o
 .debug_rnglists
                0x00000000       0x14 out/nanohub/nucleo/app/test0/../../lib/libm/kf_rem_pio2.o
 .debug_line    0x00000000      0x865 out/nanohub/nucleo/app/test0/../../lib/libm/kf_rem_pio2.o
 .debug_str     0x00000000      0x2db out/nanohub/nucleo/app/test0/../../lib/libm/kf_rem_pio2.o
 .comment       0x00000000       0x46 out/nanohub/nucleo/app/test0/../../lib/libm/kf_rem_pio2.o
 .debug_frame   0x00000000       0x5c out/nanohub/nucleo/app/test0/../../lib/libm/kf_rem_pio2.o
 .ARM.attributes
                0x00000000       0x2e out/nanohub/nucleo/app/test0/../../lib/libm/kf_rem_pio2.o
 .text          0x00000000        0x0 out/nanohub/nucleo/app/test0/../../lib/libm/kf_sin.o
 .data          0x00000000        0x0 out/nanohub/nucleo/app/test0/../../lib/libm/kf_sin.o
 .bss           0x00000000        0x0 out/nanohub/nucleo/app/test0/../../lib/libm/kf_sin.o
 .text.__kernel_sinf
                0x00000000       0x98 out/nanohub/nucleo/app/test0/../../lib/libm/kf_sin.o
 .debug_info    0x00000000      0x1da out/nanohub/nucleo/app/test0/../../lib/libm/kf_sin.o
 .debug_abbrev  0x00000000      0x107 out/nanohub/nucleo/app/test0/../../lib/libm/kf_sin.o
 .debug_loclists
                0x00000000       0xbe out/nanohub/nucleo/app/test0/../../lib/libm/kf_sin.o
 .debug_aranges
                0x00000000       0x20 out/nanohub/nucleo/app/test0/../../lib/libm/kf_sin.o
 .debug_rnglists
                0x00000000       0x14 out/nanohub/nucleo/app/test0/../../lib/libm/kf_sin.o
 .debug_line    0x00000000      0x11f out/nanohub/nucleo/app/test0/../../lib/libm/kf_sin.o
 .debug_str     0x00000000      0x2a8 out/nanohub/nucleo/app/test0/../../lib/libm/kf_sin.o
 .comment       0x00000000       0x46 out/nanohub/nucleo/app/test0/../../lib/libm/kf_sin.o
 .debug_frame   0x00000000       0x20 out/nanohub/nucleo/app/test0/../../lib/libm/kf_sin.o
 .ARM.attributes
                0x00000000       0x2e out/nanohub/nucleo/app/test0/../../lib/libm/kf_sin.o
 .text          0x00000000        0x0 out/nanohub/nucleo/app/test0/../../lib/libm/sf_atan.o
 .data          0x00000000        0x0 out/nanohub/nucleo/app/test0/../../lib/libm/sf_atan.o
 .bss           0x00000000        0x0 out/nanohub/nucleo/app/test0/../../lib/libm/sf_atan.o
 .text.atanf    0x00000000      0x1b4 out/nanohub/nucleo/app/test0/../../lib/libm/sf_atan.o
 .rodata.atanlo
                0x00000000       0x10 out/nanohub/nucleo/app/test0/../../lib/libm/sf_atan.o
 .rodata.atanhi
                0x00000000       0x10 out/nanohub/nucleo/app/test0/../../lib/libm/sf_atan.o
 .debug_info    0x00000000      0x22e out/nanohub/nucleo/app/test0/../../lib/libm/sf_atan.o
 .debug_abbrev  0x00000000      0x111 out/nanohub/nucleo/app/test0/../../lib/libm/sf_atan.o
 .debug_loclists
                0x00000000      0x22c out/nanohub/nucleo/app/test0/../../lib/libm/sf_atan.o
 .debug_aranges
                0x00000000       0x20 out/nanohub/nucleo/app/test0/../../lib/libm/sf_atan.o
 .debug_rnglists
                0x00000000       0x20 out/nanohub/nucleo/app/test0/../../lib/libm/sf_atan.o
 .debug_line    0x00000000      0x255 out/nanohub/nucleo/app/test0/../../lib/libm/sf_atan.o
 .debug_str     0x00000000      0x2af out/nanohub/nucleo/app/test0/../../lib/libm/sf_atan.o
 .comment       0x00000000       0x46 out/nanohub/nucleo/app/test0/../../lib/libm/sf_atan.o
 .debug_frame   0x00000000       0x20 out/nanohub/nucleo/app/test0/../../lib/libm/sf_atan.o
 .ARM.attributes
                0x00000000       0x2e out/nanohub/nucleo/app/test0/../../lib/libm/sf_atan.o
 .text          0x00000000        0x0 out/nanohub/nucleo/app/test0/../../lib/libm/sf_cos.o
 .data          0x00000000        0x0 out/nanohub/nucleo/app/test0/../../lib/libm/sf_cos.o
 .bss           0x00000000        0x0 out/nanohub/nucleo/app/test0/../../lib/libm/sf_cos.o
 .text.cosf     0x00000000       0x6c out/nanohub/nucleo/app/test0/../../lib/libm/sf_cos.o
 .debug_info    0x00000000      0x216 out/nanohub/nucleo/app/test0/../../lib/libm/sf_cos.o
 .debug_abbrev  0x00000000      0x15c out/nanohub/nucleo/app/test0/../../lib/libm/sf_cos.o
 .debug_loclists
                0x00000000       0x9c out/nanohub/nucleo/app/test0/../../lib/libm/sf_cos.o
 .debug_aranges
                0x00000000       0x20 out/nanohub/nucleo/app/test0/../../lib/libm/sf_cos.o
 .debug_rnglists
                0x00000000       0x13 out/nanohub/nucleo/app/test0/../../lib/libm/sf_cos.o
 .debug_line    0x00000000      0x17c out/nanohub/nucleo/app/test0/../../lib/libm/sf_cos.o
 .debug_str     0x00000000      0x2ca out/nanohub/nucleo/app/test0/../../lib/libm/sf_cos.o
 .comment       0x00000000       0x46 out/nanohub/nucleo/app/test0/../../lib/libm/sf_cos.o
 .debug_frame   0x00000000       0x38 out/nanohub/nucleo/app/test0/../../lib/libm/sf_cos.o
 .ARM.attributes
                0x00000000       0x2e out/nanohub/nucleo/app/test0/../../lib/libm/sf_cos.o
 .text          0x00000000        0x0 out/nanohub/nucleo/app/test0/../../lib/libm/sf_floor.o
 .data          0x00000000        0x0 out/nanohub/nucleo/app/test0/../../lib/libm/sf_floor.o
 .bss           0x00000000        0x0 out/nanohub/nucleo/app/test0/../../lib/libm/sf_floor.o
 .text.floorf   0x00000000       0x84 out/nanohub/nucleo/app/test0/../../lib/libm/sf_floor.o
 .debug_info    0x00000000      0x18a out/nanohub/nucleo/app/test0/../../lib/libm/sf_floor.o
 .debug_abbrev  0x00000000       0xf9 out/nanohub/nucleo/app/test0/../../lib/libm/sf_floor.o
 .debug_loclists
                0x00000000      0x108 out/nanohub/nucleo/app/test0/../../lib/libm/sf_floor.o
 .debug_aranges
                0x00000000       0x20 out/nanohub/nucleo/app/test0/../../lib/libm/sf_floor.o
 .debug_rnglists
                0x00000000       0x23 out/nanohub/nucleo/app/test0/../../lib/libm/sf_floor.o
 .debug_line    0x00000000      0x1a9 out/nanohub/nucleo/app/test0/../../lib/libm/sf_floor.o
 .debug_str     0x00000000      0x2a8 out/nanohub/nucleo/app/test0/../../lib/libm/sf_floor.o
 .comment       0x00000000       0x46 out/nanohub/nucleo/app/test0/../../lib/libm/sf_floor.o
 .debug_frame   0x00000000       0x20 out/nanohub/nucleo/app/test0/../../lib/libm/sf_floor.o
 .ARM.attributes
                0x00000000       0x2e out/nanohub/nucleo/app/test0/../../lib/libm/sf_floor.o
 .text          0x00000000        0x0 out/nanohub/nucleo/app/test0/../../lib/libm/sf_fpclassify.o
 .data          0x00000000        0x0 out/nanohub/nucleo/app/test0/../../lib/libm/sf_fpclassify.o
 .bss           0x00000000        0x0 out/nanohub/nucleo/app/test0/../../lib/libm/sf_fpclassify.o
 .text.__fpclassifyf
                0x00000000       0x34 out/nanohub/nucleo/app/test0/../../lib/libm/sf_fpclassify.o
 .debug_info    0x00000000      0x11e out/nanohub/nucleo/app/test0/../../lib/libm/sf_fpclassify.o
 .debug_abbrev  0x00000000       0xc7 out/nanohub/nucleo/app/test0/../../lib/libm/sf_fpclassify.o
 .debug_loclists
                0x00000000       0x3d out/nanohub/nucleo/app/test0/../../lib/libm/sf_fpclassify.o
 .debug_aranges
                0x00000000       0x20 out/nanohub/nucleo/app/test0/../../lib/libm/sf_fpclassify.o
 .debug_rnglists
                0x00000000       0x13 out/nanohub/nucleo/app/test0/../../lib/libm/sf_fpclassify.o
 .debug_line    0x00000000      0x139 out/nanohub/nucleo/app/test0/../../lib/libm/sf_fpclassify.o
 .debug_str     0x00000000      0x2a0 out/nanohub/nucleo/app/test0/../../lib/libm/sf_fpclassify.o
 .comment       0x00000000       0x46 out/nanohub/nucleo/app/test0/../../lib/libm/sf_fpclassify.o
 .debug_frame   0x00000000       0x20 out/nanohub/nucleo/app/test0/../../lib/libm/sf_fpclassify.o
 .ARM.attributes
                0x00000000       0x2e out/nanohub/nucleo/app/test0/../../lib/libm/sf_fpclassify.o
 .text          0x00000000        0x0 out/nanohub/nucleo/app/test0/../../lib/libm/sf_round.o
 .data          0x00000000        0x0 out/nanohub/nucleo/app/test0/../../lib/libm/sf_round.o
 .bss           0x00000000        0x0 out/nanohub/nucleo/app/test0/../../lib/libm/sf_round.o
 .text.roundf   0x00000000       0x4c out/nanohub/nucleo/app/test0/../../lib/libm/sf_round.o
 .debug_info    0x00000000      0x173 out/nanohub/nucleo/app/test0/../../lib/libm/sf_round.o
 .debug_abbrev  0x00000000       0xd3 out/nanohub/nucleo/app/test0/../../lib/libm/sf_round.o
 .debug_loclists
                0x00000000       0xcb out/nanohub/nucleo/app/test0/../../lib/libm/sf_round.o
 .debug_aranges
                0x00000000       0x20 out/nanohub/nucleo/app/test0/../../lib/libm/sf_round.o
 .debug_rnglists
                0x00000000       0x13 out/nanohub/nucleo/app/test0/../../lib/libm/sf_round.o
 .debug_line    0x00000000      0x187 out/nanohub/nucleo/app/test0/../../lib/libm/sf_round.o
 .debug_str     0x00000000      0x2b9 out/nanohub/nucleo/app/test0/../../lib/libm/sf_round.o
 .comment       0x00000000       0x46 out/nanohub/nucleo/app/test0/../../lib/libm/sf_round.o
 .debug_frame   0x00000000       0x20 out/nanohub/nucleo/app/test0/../../lib/libm/sf_round.o
 .ARM.attributes
                0x00000000       0x2e out/nanohub/nucleo/app/test0/../../lib/libm/sf_round.o
 .text          0x00000000        0x0 out/nanohub/nucleo/app/test0/../../lib/libm/sf_scalbn.o
 .data          0x00000000        0x0 out/nanohub/nucleo/app/test0/../../lib/libm/sf_scalbn.o
 .bss           0x00000000        0x0 out/nanohub/nucleo/app/test0/../../lib/libm/sf_scalbn.o
 .text.scalbnf  0x00000000       0xc0 out/nanohub/nucleo/app/test0/../../lib/libm/sf_scalbn.o
 .debug_info    0x00000000      0x20d out/nanohub/nucleo/app/test0/../../lib/libm/sf_scalbn.o
 .debug_abbrev  0x00000000      0x116 out/nanohub/nucleo/app/test0/../../lib/libm/sf_scalbn.o
 .debug_loclists
                0x00000000      0x25f out/nanohub/nucleo/app/test0/../../lib/libm/sf_scalbn.o
 .debug_aranges
                0x00000000       0x20 out/nanohub/nucleo/app/test0/../../lib/libm/sf_scalbn.o
 .debug_rnglists
                0x00000000       0x38 out/nanohub/nucleo/app/test0/../../lib/libm/sf_scalbn.o
 .debug_line    0x00000000      0x1ff out/nanohub/nucleo/app/test0/../../lib/libm/sf_scalbn.o
 .debug_str     0x00000000      0x2c6 out/nanohub/nucleo/app/test0/../../lib/libm/sf_scalbn.o
 .comment       0x00000000       0x46 out/nanohub/nucleo/app/test0/../../lib/libm/sf_scalbn.o
 .debug_frame   0x00000000       0x20 out/nanohub/nucleo/app/test0/../../lib/libm/sf_scalbn.o
 .ARM.attributes
                0x00000000       0x2e out/nanohub/nucleo/app/test0/../../lib/libm/sf_scalbn.o
 .text          0x00000000        0x0 out/nanohub/nucleo/app/test0/../../lib/libm/sf_sin.o
 .data          0x00000000        0x0 out/nanohub/nucleo/app/test0/../../lib/libm/sf_sin.o
 .bss           0x00000000        0x0 out/nanohub/nucleo/app/test0/../../lib/libm/sf_sin.o
 .text.sinf     0x00000000       0x70 out/nanohub/nucleo/app/test0/../../lib/libm/sf_sin.o
 .debug_info    0x00000000      0x229 out/nanohub/nucleo/app/test0/../../lib/libm/sf_sin.o
 .debug_abbrev  0x00000000      0x153 out/nanohub/nucleo/app/test0/../../lib/libm/sf_sin.o
 .debug_loclists
                0x00000000       0x85 out/nanohub/nucleo/app/test0/../../lib/libm/sf_sin.o
 .debug_aranges
                0x00000000       0x20 out/nanohub/nucleo/app/test0/../../lib/libm/sf_sin.o
 .debug_rnglists
                0x00000000       0x13 out/nanohub/nucleo/app/test0/../../lib/libm/sf_sin.o
 .debug_line    0x00000000      0x178 out/nanohub/nucleo/app/test0/../../lib/libm/sf_sin.o
 .debug_str     0x00000000      0x2ca out/nanohub/nucleo/app/test0/../../lib/libm/sf_sin.o
 .comment       0x00000000       0x46 out/nanohub/nucleo/app/test0/../../lib/libm/sf_sin.o
 .debug_frame   0x00000000       0x38 out/nanohub/nucleo/app/test0/../../lib/libm/sf_sin.o
 .ARM.attributes
                0x00000000       0x2e out/nanohub/nucleo/app/test0/../../lib/libm/sf_sin.o
 .text          0x00000000        0x0 out/nanohub/nucleo/app/test0/../../lib/libm/wf_atan2.o
 .data          0x00000000        0x0 out/nanohub/nucleo/app/test0/../../lib/libm/wf_atan2.o
 .bss           0x00000000        0x0 out/nanohub/nucleo/app/test0/../../lib/libm/wf_atan2.o
 .text.atan2f   0x00000000        0x4 out/nanohub/nucleo/app/test0/../../lib/libm/wf_atan2.o
 .debug_info    0x00000000       0xf8 out/nanohub/nucleo/app/test0/../../lib/libm/wf_atan2.o
 .debug_abbrev  0x00000000       0x8e out/nanohub/nucleo/app/test0/../../lib/libm/wf_atan2.o
 .debug_loclists
                0x00000000       0x3e out/nanohub/nucleo/app/test0/../../lib/libm/wf_atan2.o
 .debug_aranges
                0x00000000       0x20 out/nanohub/nucleo/app/test0/../../lib/libm/wf_atan2.o
 .debug_rnglists
                0x00000000       0x13 out/nanohub/nucleo/app/test0/../../lib/libm/wf_atan2.o
 .debug_line    0x00000000       0xa1 out/nanohub/nucleo/app/test0/../../lib/libm/wf_atan2.o
 .debug_str     0x00000000      0x274 out/nanohub/nucleo/app/test0/../../lib/libm/wf_atan2.o
 .comment       0x00000000       0x46 out/nanohub/nucleo/app/test0/../../lib/libm/wf_atan2.o
 .debug_frame   0x00000000       0x20 out/nanohub/nucleo/app/test0/../../lib/libm/wf_atan2.o
 .ARM.attributes
                0x00000000       0x2e out/nanohub/nucleo/app/test0/../../lib/libm/wf_atan2.o
 .text          0x00000000        0x0 out/nanohub/nucleo/app/test0/../../lib/libm/wf_asin.o
 .data          0x00000000        0x0 out/nanohub/nucleo/app/test0/../../lib/libm/wf_asin.o
 .bss           0x00000000        0x0 out/nanohub/nucleo/app/test0/../../lib/libm/wf_asin.o
 .text.asinf    0x00000000        0x4 out/nanohub/nucleo/app/test0/../../lib/libm/wf_asin.o
 .debug_info    0x00000000       0xdc out/nanohub/nucleo/app/test0/../../lib/libm/wf_asin.o
 .debug_abbrev  0x00000000       0x8c out/nanohub/nucleo/app/test0/../../lib/libm/wf_asin.o
 .debug_loclists
                0x00000000       0x25 out/nanohub/nucleo/app/test0/../../lib/libm/wf_asin.o
 .debug_aranges
                0x00000000       0x20 out/nanohub/nucleo/app/test0/../../lib/libm/wf_asin.o
 .debug_rnglists
                0x00000000       0x13 out/nanohub/nucleo/app/test0/../../lib/libm/wf_asin.o
 .debug_line    0x00000000       0xa0 out/nanohub/nucleo/app/test0/../../lib/libm/wf_asin.o
 .debug_str     0x00000000      0x271 out/nanohub/nucleo/app/test0/../../lib/libm/wf_asin.o
 .comment       0x00000000       0x46 out/nanohub/nucleo/app/test0/../../lib/libm/wf_asin.o
 .debug_frame   0x00000000       0x20 out/nanohub/nucleo/app/test0/../../lib/libm/wf_asin.o
 .ARM.attributes
                0x00000000       0x2e out/nanohub/nucleo/app/test0/../../lib/libm/wf_asin.o
 .text          0x00000000        0x0 out/nanohub/nucleo/app/test0/../../lib/libm/wf_exp.o
 .data          0x00000000        0x0 out/nanohub/nucleo/app/test0/../../lib/libm/wf_exp.o
 .bss           0x00000000        0x0 out/nanohub/nucleo/app/test0/../../lib/libm/wf_exp.o
 .text.expf     0x00000000        0x4 out/nanohub/nucleo/app/test0/../../lib/libm/wf_exp.o
 .debug_info    0x00000000       0xdc out/nanohub/nucleo/app/test0/../../lib/libm/wf_exp.o
 .debug_abbrev  0x00000000       0x8c out/nanohub/nucleo/app/test0/../../lib/libm/wf_exp.o
 .debug_loclists
                0x00000000       0x25 out/nanohub/nucleo/app/test0/../../lib/libm/wf_exp.o
 .debug_aranges
                0x00000000       0x20 out/nanohub/nucleo/app/test0/../../lib/libm/wf_exp.o
 .debug_rnglists
                0x00000000       0x13 out/nanohub/nucleo/app/test0/../../lib/libm/wf_exp.o
 .debug_line    0x00000000       0x9f out/nanohub/nucleo/app/test0/../../lib/libm/wf_exp.o
 .debug_str     0x00000000      0x26e out/nanohub/nucleo/app/test0/../../lib/libm/wf_exp.o
 .comment       0x00000000       0x46 out/nanohub/nucleo/app/test0/../../lib/libm/wf_exp.o
 .debug_frame   0x00000000       0x20 out/nanohub/nucleo/app/test0/../../lib/libm/wf_exp.o
 .ARM.attributes
                0x00000000       0x2e out/nanohub/nucleo/app/test0/../../lib/libm/wf_exp.o
 .text          0x00000000        0x0 out/nanohub/nucleo/app/test0/../../lib/libm/wf_fmod.o
 .data          0x00000000        0x0 out/nanohub/nucleo/app/test0/../../lib/libm/wf_fmod.o
 .bss           0x00000000        0x0 out/nanohub/nucleo/app/test0/../../lib/libm/wf_fmod.o
 .text.fmodf    0x00000000        0x4 out/nanohub/nucleo/app/test0/../../lib/libm/wf_fmod.o
 .debug_info    0x00000000       0xf8 out/nanohub/nucleo/app/test0/../../lib/libm/wf_fmod.o
 .debug_abbrev  0x00000000       0x8e out/nanohub/nucleo/app/test0/../../lib/libm/wf_fmod.o
 .debug_loclists
                0x00000000       0x3e out/nanohub/nucleo/app/test0/../../lib/libm/wf_fmod.o
 .debug_aranges
                0x00000000       0x20 out/nanohub/nucleo/app/test0/../../lib/libm/wf_fmod.o
 .debug_rnglists
                0x00000000       0x13 out/nanohub/nucleo/app/test0/../../lib/libm/wf_fmod.o
 .debug_line    0x00000000       0xa0 out/nanohub/nucleo/app/test0/../../lib/libm/wf_fmod.o
 .debug_str     0x00000000      0x271 out/nanohub/nucleo/app/test0/../../lib/libm/wf_fmod.o
 .comment       0x00000000       0x46 out/nanohub/nucleo/app/test0/../../lib/libm/wf_fmod.o
 .debug_frame   0x00000000       0x20 out/nanohub/nucleo/app/test0/../../lib/libm/wf_fmod.o
 .ARM.attributes
                0x00000000       0x2e out/nanohub/nucleo/app/test0/../../lib/libm/wf_fmod.o
 .text          0x00000000        0x0 out/nanohub/nucleo/app/test0/../../lib/libm/wf_pow.o
 .data          0x00000000        0x0 out/nanohub/nucleo/app/test0/../../lib/libm/wf_pow.o
 .bss           0x00000000        0x0 out/nanohub/nucleo/app/test0/../../lib/libm/wf_pow.o
 .text.powf     0x00000000        0x4 out/nanohub/nucleo/app/test0/../../lib/libm/wf_pow.o
 .debug_info    0x00000000       0xf8 out/nanohub/nucleo/app/test0/../../lib/libm/wf_pow.o
 .debug_abbrev  0x00000000       0x8e out/nanohub/nucleo/app/test0/../../lib/libm/wf_pow.o
 .debug_loclists
                0x00000000       0x3e out/nanohub/nucleo/app/test0/../../lib/libm/wf_pow.o
 .debug_aranges
                0x00000000       0x20 out/nanohub/nucleo/app/test0/../../lib/libm/wf_pow.o
 .debug_rnglists
                0x00000000       0x13 out/nanohub/nucleo/app/test0/../../lib/libm/wf_pow.o
 .debug_line    0x00000000       0x9f out/nanohub/nucleo/app/test0/../../lib/libm/wf_pow.o
 .debug_str     0x00000000      0x26e out/nanohub/nucleo/app/test0/../../lib/libm/wf_pow.o
 .comment       0x00000000       0x46 out/nanohub/nucleo/app/test0/../../lib/libm/wf_pow.o
 .debug_frame   0x00000000       0x20 out/nanohub/nucleo/app/test0/../../lib/libm/wf_pow.o
 .ARM.attributes
                0x00000000       0x2e out/nanohub/nucleo/app/test0/../../lib/libm/wf_pow.o
 .text          0x00000000        0x0 out/nanohub/nucleo/app/test0/../../lib/libc/memcmp.o
 .data          0x00000000        0x0 out/nanohub/nucleo/app/test0/../../lib/libc/memcmp.o
 .bss           0x00000000        0x0 out/nanohub/nucleo/app/test0/../../lib/libc/memcmp.o
 .text.memcmp   0x00000000       0x22 out/nanohub/nucleo/app/test0/../../lib/libc/memcmp.o
 .debug_info    0x00000000      0x10c out/nanohub/nucleo/app/test0/../../lib/libc/memcmp.o
 .debug_abbrev  0x00000000       0x9f out/nanohub/nucleo/app/test0/../../lib/libc/memcmp.o
 .debug_loclists
                0x00000000       0xbc out/nanohub/nucleo/app/test0/../../lib/libc/memcmp.o
 .debug_aranges
                0x00000000       0x20 out/nanohub/nucleo/app/test0/../../lib/libc/memcmp.o
 .debug_rnglists
                0x00000000       0x22 out/nanohub/nucleo/app/test0/../../lib/libc/memcmp.o
 .debug_line    0x00000000      0x118 out/nanohub/nucleo/app/test0/../../lib/libc/memcmp.o
 .debug_str     0x00000000      0x25b out/nanohub/nucleo/app/test0/../../lib/libc/memcmp.o
 .comment       0x00000000       0x46 out/nanohub/nucleo/app/test0/../../lib/libc/memcmp.o
 .debug_frame   0x00000000       0x28 out/nanohub/nucleo/app/test0/../../lib/libc/memcmp.o
 .ARM.attributes
                0x00000000       0x2e out/nanohub/nucleo/app/test0/../../lib/libc/memcmp.o
 .text          0x00000000        0x0 out/nanohub/nucleo/app/test0/../../lib/libc/memcpy.o
 .data          0x00000000        0x0 out/nanohub/nucleo/app/test0/../../lib/libc/memcpy.o
 .bss           0x00000000        0x0 out/nanohub/nucleo/app/test0/../../lib/libc/memcpy.o
 .text.memcpy   0x00000000       0xe0 out/nanohub/nucleo/app/test0/../../lib/libc/memcpy.o
 .debug_info    0x00000000      0x152 out/nanohub/nucleo/app/test0/../../lib/libc/memcpy.o
 .debug_abbrev  0x00000000       0xbe out/nanohub/nucleo/app/test0/../../lib/libc/memcpy.o
 .debug_loclists
                0x00000000      0x1d4 out/nanohub/nucleo/app/test0/../../lib/libc/memcpy.o
 .debug_aranges
                0x00000000       0x20 out/nanohub/nucleo/app/test0/../../lib/libc/memcpy.o
 .debug_rnglists
                0x00000000       0x14 out/nanohub/nucleo/app/test0/../../lib/libc/memcpy.o
 .debug_line    0x00000000      0x31d out/nanohub/nucleo/app/test0/../../lib/libc/memcpy.o
 .debug_str     0x00000000      0x28c out/nanohub/nucleo/app/test0/../../lib/libc/memcpy.o
 .comment       0x00000000       0x46 out/nanohub/nucleo/app/test0/../../lib/libc/memcpy.o
 .debug_frame   0x00000000       0x30 out/nanohub/nucleo/app/test0/../../lib/libc/memcpy.o
 .ARM.attributes
                0x00000000       0x2e out/nanohub/nucleo/app/test0/../../lib/libc/memcpy.o
 .text          0x00000000        0x0 out/nanohub/nucleo/app/test0/../../lib/libc/memmove.o
 .data          0x00000000        0x0 out/nanohub/nucleo/app/test0/../../lib/libc/memmove.o
 .bss           0x00000000        0x0 out/nanohub/nucleo/app/test0/../../lib/libc/memmove.o
 .text.memmove  0x00000000       0xe0 out/nanohub/nucleo/app/test0/../../lib/libc/memmove.o
 .debug_info    0x00000000      0x152 out/nanohub/nucleo/app/test0/../../lib/libc/memmove.o
 .debug_abbrev  0x00000000       0xbe out/nanohub/nucleo/app/test0/../../lib/libc/memmove.o
 .debug_loclists
                0x00000000      0x1d4 out/nanohub/nucleo/app/test0/../../lib/libc/memmove.o
 .debug_aranges
                0x00000000       0x20 out/nanohub/nucleo/app/test0/../../lib/libc/memmove.o
 .debug_rnglists
                0x00000000       0x14 out/nanohub/nucleo/app/test0/../../lib/libc/memmove.o
 .debug_line    0x00000000      0x31e out/nanohub/nucleo/app/test0/../../lib/libc/memmove.o
 .debug_str     0x00000000      0x28e out/nanohub/nucleo/app/test0/../../lib/libc/memmove.o
 .comment       0x00000000       0x46 out/nanohub/nucleo/app/test0/../../lib/libc/memmove.o
 .debug_frame   0x00000000       0x30 out/nanohub/nucleo/app/test0/../../lib/libc/memmove.o
 .ARM.attributes
                0x00000000       0x2e out/nanohub/nucleo/app/test0/../../lib/libc/memmove.o
 .text          0x00000000        0x0 out/nanohub/nucleo/app/test0/../../lib/libc/memset.o
 .data          0x00000000        0x0 out/nanohub/nucleo/app/test0/../../lib/libc/memset.o
 .bss           0x00000000        0x0 out/nanohub/nucleo/app/test0/../../lib/libc/memset.o
 .text.memset   0x00000000       0x62 out/nanohub/nucleo/app/test0/../../lib/libc/memset.o
 .debug_info    0x00000000      0x171 out/nanohub/nucleo/app/test0/../../lib/libc/memset.o
 .debug_abbrev  0x00000000       0xd3 out/nanohub/nucleo/app/test0/../../lib/libc/memset.o
 .debug_loclists
                0x00000000      0x144 out/nanohub/nucleo/app/test0/../../lib/libc/memset.o
 .debug_aranges
                0x00000000       0x20 out/nanohub/nucleo/app/test0/../../lib/libc/memset.o
 .debug_rnglists
                0x00000000       0x13 out/nanohub/nucleo/app/test0/../../lib/libc/memset.o
 .debug_line    0x00000000      0x1e4 out/nanohub/nucleo/app/test0/../../lib/libc/memset.o
 .debug_str     0x00000000      0x285 out/nanohub/nucleo/app/test0/../../lib/libc/memset.o
 .comment       0x00000000       0x46 out/nanohub/nucleo/app/test0/../../lib/libc/memset.o
 .debug_frame   0x00000000       0x30 out/nanohub/nucleo/app/test0/../../lib/libc/memset.o
 .ARM.attributes
                0x00000000       0x2e out/nanohub/nucleo/app/test0/../../lib/libc/memset.o
 .text          0x00000000        0x0 out/nanohub/nucleo/app/test0/../../lib/libc/strcasecmp.o
 .data          0x00000000        0x0 out/nanohub/nucleo/app/test0/../../lib/libc/strcasecmp.o
 .bss           0x00000000        0x0 out/nanohub/nucleo/app/test0/../../lib/libc/strcasecmp.o
 .text.strcasecmp
                0x00000000       0x28 out/nanohub/nucleo/app/test0/../../lib/libc/strcasecmp.o
 .text.strncasecmp
                0x00000000       0x38 out/nanohub/nucleo/app/test0/../../lib/libc/strcasecmp.o
 .rodata.charmap
                0x00000000      0x100 out/nanohub/nucleo/app/test0/../../lib/libc/strcasecmp.o
 .debug_info    0x00000000      0x1bb out/nanohub/nucleo/app/test0/../../lib/libc/strcasecmp.o
 .debug_abbrev  0x00000000       0xf9 out/nanohub/nucleo/app/test0/../../lib/libc/strcasecmp.o
 .debug_loclists
                0x00000000      0x120 out/nanohub/nucleo/app/test0/../../lib/libc/strcasecmp.o
 .debug_aranges
                0x00000000       0x28 out/nanohub/nucleo/app/test0/../../lib/libc/strcasecmp.o
 .debug_rnglists
                0x00000000       0x28 out/nanohub/nucleo/app/test0/../../lib/libc/strcasecmp.o
 .debug_line    0x00000000      0x176 out/nanohub/nucleo/app/test0/../../lib/libc/strcasecmp.o
 .debug_str     0x00000000      0x27e out/nanohub/nucleo/app/test0/../../lib/libc/strcasecmp.o
 .comment       0x00000000       0x46 out/nanohub/nucleo/app/test0/../../lib/libc/strcasecmp.o
 .debug_frame   0x00000000       0x48 out/nanohub/nucleo/app/test0/../../lib/libc/strcasecmp.o
 .ARM.attributes
                0x00000000       0x2e out/nanohub/nucleo/app/test0/../../lib/libc/strcasecmp.o
 .text          0x00000000        0x0 out/nanohub/nucleo/app/test0/../../lib/libc/strncpy.o
 .data          0x00000000        0x0 out/nanohub/nucleo/app/test0/../../lib/libc/strncpy.o
 .bss           0x00000000        0x0 out/nanohub/nucleo/app/test0/../../lib/libc/strncpy.o
 .text.strncpy  0x00000000       0x22 out/nanohub/nucleo/app/test0/../../lib/libc/strncpy.o
 .debug_info    0x00000000      0x11b out/nanohub/nucleo/app/test0/../../lib/libc/strncpy.o
 .debug_abbrev  0x00000000       0xc1 out/nanohub/nucleo/app/test0/../../lib/libc/strncpy.o
 .debug_loclists
                0x00000000       0x8a out/nanohub/nucleo/app/test0/../../lib/libc/strncpy.o
 .debug_aranges
                0x00000000       0x20 out/nanohub/nucleo/app/test0/../../lib/libc/strncpy.o
 .debug_rnglists
                0x00000000       0x1f out/nanohub/nucleo/app/test0/../../lib/libc/strncpy.o
 .debug_line    0x00000000      0x121 out/nanohub/nucleo/app/test0/../../lib/libc/strncpy.o
 .debug_str     0x00000000      0x275 out/nanohub/nucleo/app/test0/../../lib/libc/strncpy.o
 .comment       0x00000000       0x46 out/nanohub/nucleo/app/test0/../../lib/libc/strncpy.o
 .debug_frame   0x00000000       0x28 out/nanohub/nucleo/app/test0/../../lib/libc/strncpy.o
 .ARM.attributes
                0x00000000       0x2e out/nanohub/nucleo/app/test0/../../lib/libc/strncpy.o
 .text          0x00000000        0x0 out/nanohub/nucleo/app/test0/../../lib/libc/strlen.o
 .data          0x00000000        0x0 out/nanohub/nucleo/app/test0/../../lib/libc/strlen.o
 .bss           0x00000000        0x0 out/nanohub/nucleo/app/test0/../../lib/libc/strlen.o
 .text.strlen   0x00000000       0x10 out/nanohub/nucleo/app/test0/../../lib/libc/strlen.o
 .debug_info    0x00000000       0xdd out/nanohub/nucleo/app/test0/../../lib/libc/strlen.o
 .debug_abbrev  0x00000000       0x9b out/nanohub/nucleo/app/test0/../../lib/libc/strlen.o
 .debug_loclists
                0x00000000       0x2e out/nanohub/nucleo/app/test0/../../lib/libc/strlen.o
 .debug_aranges
                0x00000000       0x20 out/nanohub/nucleo/app/test0/../../lib/libc/strlen.o
 .debug_rnglists
                0x00000000       0x13 out/nanohub/nucleo/app/test0/../../lib/libc/strlen.o
 .debug_line    0x00000000       0xf3 out/nanohub/nucleo/app/test0/../../lib/libc/strlen.o
 .debug_str     0x00000000      0x263 out/nanohub/nucleo/app/test0/../../lib/libc/strlen.o
 .comment       0x00000000       0x46 out/nanohub/nucleo/app/test0/../../lib/libc/strlen.o
 .debug_frame   0x00000000       0x20 out/nanohub/nucleo/app/test0/../../lib/libc/strlen.o
 .ARM.attributes
                0x00000000       0x2e out/nanohub/nucleo/app/test0/../../lib/libc/strlen.o
 .text          0x00000000        0x0 out/nanohub/nucleo/app/test0/../../lib/libc/crt.o
 .data          0x00000000        0x0 out/nanohub/nucleo/app/test0/../../lib/libc/crt.o
 .bss           0x00000000        0x0 out/nanohub/nucleo/app/test0/../../lib/libc/crt.o
 .text.callVectors
                0x00000000       0x36 out/nanohub/nucleo/app/test0/../../lib/libc/crt.o
 .text.__crt_init
                0x00000000       0x18 out/nanohub/nucleo/app/test0/../../lib/libc/crt.o
 .text.__crt_exit
                0x00000000       0x48 out/nanohub/nucleo/app/test0/../../lib/libc/crt.o
 .debug_info    0x00000000      0x209 out/nanohub/nucleo/app/test0/../../lib/libc/crt.o
 .debug_abbrev  0x00000000      0x116 out/nanohub/nucleo/app/test0/../../lib/libc/crt.o
 .debug_loclists
                0x00000000       0x8c out/nanohub/nucleo/app/test0/../../lib/libc/crt.o
 .debug_aranges
                0x00000000       0x30 out/nanohub/nucleo/app/test0/../../lib/libc/crt.o
 .debug_rnglists
                0x00000000       0x1f out/nanohub/nucleo/app/test0/../../lib/libc/crt.o
 .debug_line    0x00000000      0x19c out/nanohub/nucleo/app/test0/../../lib/libc/crt.o
 .debug_str     0x00000000      0x31c out/nanohub/nucleo/app/test0/../../lib/libc/crt.o
 .comment       0x00000000       0x46 out/nanohub/nucleo/app/test0/../../lib/libc/crt.o
 .debug_frame   0x00000000       0x5c out/nanohub/nucleo/app/test0/../../lib/libc/crt.o
 .ARM.attributes
                0x00000000       0x2e out/nanohub/nucleo/app/test0/../../lib/libc/crt.o
 .text          0x00000000        0x0 out/nanohub/nucleo/app/test0/../../lib/builtins/divdi3.o
 .data          0x00000000        0x0 out/nanohub/nucleo/app/test0/../../lib/builtins/divdi3.o
 .bss           0x00000000        0x0 out/nanohub/nucleo/app/test0/../../lib/builtins/divdi3.o
 .text.__divdi3
                0x00000000       0x3e out/nanohub/nucleo/app/test0/../../lib/builtins/divdi3.o
 .debug_info    0x00000000      0x104 out/nanohub/nucleo/app/test0/../../lib/builtins/divdi3.o
 .debug_abbrev  0x00000000       0xd2 out/nanohub/nucleo/app/test0/../../lib/builtins/divdi3.o
 .debug_loclists
                0x00000000       0x76 out/nanohub/nucleo/app/test0/../../lib/builtins/divdi3.o
 .debug_aranges
                0x00000000       0x20 out/nanohub/nucleo/app/test0/../../lib/builtins/divdi3.o
 .debug_rnglists
                0x00000000       0x13 out/nanohub/nucleo/app/test0/../../lib/builtins/divdi3.o
 .debug_line    0x00000000       0x94 out/nanohub/nucleo/app/test0/../../lib/builtins/divdi3.o
 .debug_str     0x00000000      0x229 out/nanohub/nucleo/app/test0/../../lib/builtins/divdi3.o
 .comment       0x00000000       0x46 out/nanohub/nucleo/app/test0/../../lib/builtins/divdi3.o
 .debug_frame   0x00000000       0x30 out/nanohub/nucleo/app/test0/../../lib/builtins/divdi3.o
 .ARM.attributes
                0x00000000       0x2e out/nanohub/nucleo/app/test0/../../lib/builtins/divdi3.o
 .text          0x00000000        0x0 out/nanohub/nucleo/app/test0/../../lib/builtins/divmoddi4.o
 .data          0x00000000        0x0 out/nanohub/nucleo/app/test0/../../lib/builtins/divmoddi4.o
 .bss           0x00000000        0x0 out/nanohub/nucleo/app/test0/../../lib/builtins/divmoddi4.o
 .text.__divmoddi4
                0x00000000       0x2e out/nanohub/nucleo/app/test0/../../lib/builtins/divmoddi4.o
 .debug_info    0x00000000       0xf9 out/nanohub/nucleo/app/test0/../../lib/builtins/divmoddi4.o
 .debug_abbrev  0x00000000       0xca out/nanohub/nucleo/app/test0/../../lib/builtins/divmoddi4.o
 .debug_loclists
                0x00000000       0x58 out/nanohub/nucleo/app/test0/../../lib/builtins/divmoddi4.o
 .debug_aranges
                0x00000000       0x20 out/nanohub/nucleo/app/test0/../../lib/builtins/divmoddi4.o
 .debug_rnglists
                0x00000000       0x13 out/nanohub/nucleo/app/test0/../../lib/builtins/divmoddi4.o
 .debug_line    0x00000000       0x83 out/nanohub/nucleo/app/test0/../../lib/builtins/divmoddi4.o
 .debug_str     0x00000000      0x213 out/nanohub/nucleo/app/test0/../../lib/builtins/divmoddi4.o
 .comment       0x00000000       0x46 out/nanohub/nucleo/app/test0/../../lib/builtins/divmoddi4.o
 .debug_frame   0x00000000       0x30 out/nanohub/nucleo/app/test0/../../lib/builtins/divmoddi4.o
 .ARM.attributes
                0x00000000       0x2e out/nanohub/nucleo/app/test0/../../lib/builtins/divmoddi4.o
 .text          0x00000000        0x0 out/nanohub/nucleo/app/test0/../../lib/builtins/moddi3.o
 .data          0x00000000        0x0 out/nanohub/nucleo/app/test0/../../lib/builtins/moddi3.o
 .bss           0x00000000        0x0 out/nanohub/nucleo/app/test0/../../lib/builtins/moddi3.o
 .text.__moddi3
                0x00000000       0x40 out/nanohub/nucleo/app/test0/../../lib/builtins/moddi3.o
 .debug_info    0x00000000       0xff out/nanohub/nucleo/app/test0/../../lib/builtins/moddi3.o
 .debug_abbrev  0x00000000       0xe1 out/nanohub/nucleo/app/test0/../../lib/builtins/moddi3.o
 .debug_loclists
                0x00000000       0x66 out/nanohub/nucleo/app/test0/../../lib/builtins/moddi3.o
 .debug_aranges
                0x00000000       0x20 out/nanohub/nucleo/app/test0/../../lib/builtins/moddi3.o
 .debug_rnglists
                0x00000000       0x13 out/nanohub/nucleo/app/test0/../../lib/builtins/moddi3.o
 .debug_line    0x00000000       0xa2 out/nanohub/nucleo/app/test0/../../lib/builtins/moddi3.o
 .debug_str     0x00000000      0x229 out/nanohub/nucleo/app/test0/../../lib/builtins/moddi3.o
 .comment       0x00000000       0x46 out/nanohub/nucleo/app/test0/../../lib/builtins/moddi3.o
 .debug_frame   0x00000000       0x30 out/nanohub/nucleo/app/test0/../../lib/builtins/moddi3.o
 .ARM.attributes
                0x00000000       0x2e out/nanohub/nucleo/app/test0/../../lib/builtins/moddi3.o
 .text          0x00000000        0x0 out/nanohub/nucleo/app/test0/../../lib/builtins/udivmoddi4.o
 .data          0x00000000        0x0 out/nanohub/nucleo/app/test0/../../lib/builtins/udivmoddi4.o
 .bss           0x00000000        0x0 out/nanohub/nucleo/app/test0/../../lib/builtins/udivmoddi4.o
 .text.__udivmoddi4
                0x00000000      0x180 out/nanohub/nucleo/app/test0/../../lib/builtins/udivmoddi4.o
 .debug_info    0x00000000      0x18c out/nanohub/nucleo/app/test0/../../lib/builtins/udivmoddi4.o
 .debug_abbrev  0x00000000      0x120 out/nanohub/nucleo/app/test0/../../lib/builtins/udivmoddi4.o
 .debug_loclists
                0x00000000      0x22d out/nanohub/nucleo/app/test0/../../lib/builtins/udivmoddi4.o
 .debug_aranges
                0x00000000       0x20 out/nanohub/nucleo/app/test0/../../lib/builtins/udivmoddi4.o
 .debug_rnglists
                0x00000000       0x20 out/nanohub/nucleo/app/test0/../../lib/builtins/udivmoddi4.o
 .debug_line    0x00000000      0x36b out/nanohub/nucleo/app/test0/../../lib/builtins/udivmoddi4.o
 .debug_str     0x00000000      0x248 out/nanohub/nucleo/app/test0/../../lib/builtins/udivmoddi4.o
 .comment       0x00000000       0x46 out/nanohub/nucleo/app/test0/../../lib/builtins/udivmoddi4.o
 .debug_frame   0x00000000       0x30 out/nanohub/nucleo/app/test0/../../lib/builtins/udivmoddi4.o
 .ARM.attributes
                0x00000000       0x2e out/nanohub/nucleo/app/test0/../../lib/builtins/udivmoddi4.o
 .text          0x00000000        0x0 out/nanohub/nucleo/app/test0/../../lib/builtins/umoddi3.o
 .data          0x00000000        0x0 out/nanohub/nucleo/app/test0/../../lib/builtins/umoddi3.o
 .bss           0x00000000        0x0 out/nanohub/nucleo/app/test0/../../lib/builtins/umoddi3.o
 .text.__umoddi3
                0x00000000       0x12 out/nanohub/nucleo/app/test0/../../lib/builtins/umoddi3.o
 .debug_info    0x00000000       0xed out/nanohub/nucleo/app/test0/../../lib/builtins/umoddi3.o
 .debug_abbrev  0x00000000       0xb4 out/nanohub/nucleo/app/test0/../../lib/builtins/umoddi3.o
 .debug_loclists
                0x00000000       0x48 out/nanohub/nucleo/app/test0/../../lib/builtins/umoddi3.o
 .debug_aranges
                0x00000000       0x20 out/nanohub/nucleo/app/test0/../../lib/builtins/umoddi3.o
 .debug_rnglists
                0x00000000       0x13 out/nanohub/nucleo/app/test0/../../lib/builtins/umoddi3.o
 .debug_line    0x00000000       0x6c out/nanohub/nucleo/app/test0/../../lib/builtins/umoddi3.o
 .debug_str     0x00000000      0x213 out/nanohub/nucleo/app/test0/../../lib/builtins/umoddi3.o
 .comment       0x00000000       0x46 out/nanohub/nucleo/app/test0/../../lib/builtins/umoddi3.o
 .debug_frame   0x00000000       0x2c out/nanohub/nucleo/app/test0/../../lib/builtins/umoddi3.o
 .ARM.attributes
                0x00000000       0x2e out/nanohub/nucleo/app/test0/../../lib/builtins/umoddi3.o
 .text          0x00000000        0x0 out/nanohub/nucleo/app/test0/../../lib/builtins/aeabi_f2d.o
 .data          0x00000000        0x0 out/nanohub/nucleo/app/test0/../../lib/builtins/aeabi_f2d.o
 .bss           0x00000000        0x0 out/nanohub/nucleo/app/test0/../../lib/builtins/aeabi_f2d.o
 .text.__aeabi_f2d
                0x00000000       0x6c out/nanohub/nucleo/app/test0/../../lib/builtins/aeabi_f2d.o
 .debug_info    0x00000000      0x3bf out/nanohub/nucleo/app/test0/../../lib/builtins/aeabi_f2d.o
 .debug_abbrev  0x00000000      0x196 out/nanohub/nucleo/app/test0/../../lib/builtins/aeabi_f2d.o
 .debug_loclists
                0x00000000      0x1a7 out/nanohub/nucleo/app/test0/../../lib/builtins/aeabi_f2d.o
 .debug_aranges
                0x00000000       0x20 out/nanohub/nucleo/app/test0/../../lib/builtins/aeabi_f2d.o
 .debug_rnglists
                0x00000000       0x22 out/nanohub/nucleo/app/test0/../../lib/builtins/aeabi_f2d.o
 .debug_line    0x00000000      0x158 out/nanohub/nucleo/app/test0/../../lib/builtins/aeabi_f2d.o
 .debug_str     0x00000000      0x347 out/nanohub/nucleo/app/test0/../../lib/builtins/aeabi_f2d.o
 .comment       0x00000000       0x46 out/nanohub/nucleo/app/test0/../../lib/builtins/aeabi_f2d.o
 .debug_frame   0x00000000       0x2c out/nanohub/nucleo/app/test0/../../lib/builtins/aeabi_f2d.o
 .ARM.attributes
                0x00000000       0x2e out/nanohub/nucleo/app/test0/../../lib/builtins/aeabi_f2d.o
 .text          0x00000000        0x0 out/nanohub/nucleo/app/test0/../../lib/builtins/aeabi_llsl.o
 .data          0x00000000        0x0 out/nanohub/nucleo/app/test0/../../lib/builtins/aeabi_llsl.o
 .bss           0x00000000        0x0 out/nanohub/nucleo/app/test0/../../lib/builtins/aeabi_llsl.o
 .text.__aeabi_llsl
                0x00000000       0x26 out/nanohub/nucleo/app/test0/../../lib/builtins/aeabi_llsl.o
 .debug_info    0x00000000      0x115 out/nanohub/nucleo/app/test0/../../lib/builtins/aeabi_llsl.o
 .debug_abbrev  0x00000000       0xe4 out/nanohub/nucleo/app/test0/../../lib/builtins/aeabi_llsl.o
 .debug_loclists
                0x00000000       0x69 out/nanohub/nucleo/app/test0/../../lib/builtins/aeabi_llsl.o
 .debug_aranges
                0x00000000       0x20 out/nanohub/nucleo/app/test0/../../lib/builtins/aeabi_llsl.o
 .debug_rnglists
                0x00000000       0x13 out/nanohub/nucleo/app/test0/../../lib/builtins/aeabi_llsl.o
 .debug_line    0x00000000       0xab out/nanohub/nucleo/app/test0/../../lib/builtins/aeabi_llsl.o
 .debug_str     0x00000000      0x240 out/nanohub/nucleo/app/test0/../../lib/builtins/aeabi_llsl.o
 .comment       0x00000000       0x46 out/nanohub/nucleo/app/test0/../../lib/builtins/aeabi_llsl.o
 .debug_frame   0x00000000       0x28 out/nanohub/nucleo/app/test0/../../lib/builtins/aeabi_llsl.o
 .ARM.attributes
                0x00000000       0x2e out/nanohub/nucleo/app/test0/../../lib/builtins/aeabi_llsl.o
 .text          0x00000000        0x0 out/nanohub/nucleo/app/test0/../../lib/builtins/aeabi_llsr.o
 .data          0x00000000        0x0 out/nanohub/nucleo/app/test0/../../lib/builtins/aeabi_llsr.o
 .bss           0x00000000        0x0 out/nanohub/nucleo/app/test0/../../lib/builtins/aeabi_llsr.o
 .text.__aeabi_llsr
                0x00000000       0x26 out/nanohub/nucleo/app/test0/../../lib/builtins/aeabi_llsr.o
 .debug_info    0x00000000      0x120 out/nanohub/nucleo/app/test0/../../lib/builtins/aeabi_llsr.o
 .debug_abbrev  0x00000000       0xe4 out/nanohub/nucleo/app/test0/../../lib/builtins/aeabi_llsr.o
 .debug_loclists
                0x00000000       0x69 out/nanohub/nucleo/app/test0/../../lib/builtins/aeabi_llsr.o
 .debug_aranges
                0x00000000       0x20 out/nanohub/nucleo/app/test0/../../lib/builtins/aeabi_llsr.o
 .debug_rnglists
                0x00000000       0x13 out/nanohub/nucleo/app/test0/../../lib/builtins/aeabi_llsr.o
 .debug_line    0x00000000       0xac out/nanohub/nucleo/app/test0/../../lib/builtins/aeabi_llsr.o
 .debug_str     0x00000000      0x248 out/nanohub/nucleo/app/test0/../../lib/builtins/aeabi_llsr.o
 .comment       0x00000000       0x46 out/nanohub/nucleo/app/test0/../../lib/builtins/aeabi_llsr.o
 .debug_frame   0x00000000       0x28 out/nanohub/nucleo/app/test0/../../lib/builtins/aeabi_llsr.o
 .ARM.attributes
                0x00000000       0x2e out/nanohub/nucleo/app/test0/../../lib/builtins/aeabi_llsr.o
 .text          0x00000000        0x0 out/nanohub/nucleo/app/test0/../../lib/builtins/aeabi_ul2f.o
 .data          0x00000000        0x0 out/nanohub/nucleo/app/test0/../../lib/builtins/aeabi_ul2f.o
 .bss           0x00000000        0x0 out/nanohub/nucleo/app/test0/../../lib/builtins/aeabi_ul2f.o
 .text.__aeabi_ul2f
                0x00000000       0xb8 out/nanohub/nucleo/app/test0/../../lib/builtins/aeabi_ul2f.o
 .debug_info    0x00000000       0xfb out/nanohub/nucleo/app/test0/../../lib/builtins/aeabi_ul2f.o
 .debug_abbrev  0x00000000       0xa4 out/nanohub/nucleo/app/test0/../../lib/builtins/aeabi_ul2f.o
 .debug_loclists
                0x00000000      0x144 out/nanohub/nucleo/app/test0/../../lib/builtins/aeabi_ul2f.o
 .debug_aranges
                0x00000000       0x20 out/nanohub/nucleo/app/test0/../../lib/builtins/aeabi_ul2f.o
 .debug_rnglists
                0x00000000       0x14 out/nanohub/nucleo/app/test0/../../lib/builtins/aeabi_ul2f.o
 .debug_line    0x00000000      0x11e out/nanohub/nucleo/app/test0/../../lib/builtins/aeabi_ul2f.o
 .debug_str     0x00000000      0x21e out/nanohub/nucleo/app/test0/../../lib/builtins/aeabi_ul2f.o
 .comment       0x00000000       0x46 out/nanohub/nucleo/app/test0/../../lib/builtins/aeabi_ul2f.o
 .debug_frame   0x00000000       0x30 out/nanohub/nucleo/app/test0/../../lib/builtins/aeabi_ul2f.o
 .ARM.attributes
                0x00000000       0x2e out/nanohub/nucleo/app/test0/../../lib/builtins/aeabi_ul2f.o
 .text          0x00000000        0x0 out/nanohub/nucleo/app/test0/../../lib/builtins/aeabi_l2f.o
 .data          0x00000000        0x0 out/nanohub/nucleo/app/test0/../../lib/builtins/aeabi_l2f.o
 .bss           0x00000000        0x0 out/nanohub/nucleo/app/test0/../../lib/builtins/aeabi_l2f.o
 .text.__aeabi_l2f
                0x00000000       0xd4 out/nanohub/nucleo/app/test0/../../lib/builtins/aeabi_l2f.o
 .debug_info    0x00000000      0x11c out/nanohub/nucleo/app/test0/../../lib/builtins/aeabi_l2f.o
 .debug_abbrev  0x00000000       0xa4 out/nanohub/nucleo/app/test0/../../lib/builtins/aeabi_l2f.o
 .debug_loclists
                0x00000000      0x148 out/nanohub/nucleo/app/test0/../../lib/builtins/aeabi_l2f.o
 .debug_aranges
                0x00000000       0x20 out/nanohub/nucleo/app/test0/../../lib/builtins/aeabi_l2f.o
 .debug_rnglists
                0x00000000       0x14 out/nanohub/nucleo/app/test0/../../lib/builtins/aeabi_l2f.o
 .debug_line    0x00000000      0x13a out/nanohub/nucleo/app/test0/../../lib/builtins/aeabi_l2f.o
 .debug_str     0x00000000      0x223 out/nanohub/nucleo/app/test0/../../lib/builtins/aeabi_l2f.o
 .comment       0x00000000       0x46 out/nanohub/nucleo/app/test0/../../lib/builtins/aeabi_l2f.o
 .debug_frame   0x00000000       0x30 out/nanohub/nucleo/app/test0/../../lib/builtins/aeabi_l2f.o
 .ARM.attributes
                0x00000000       0x2e out/nanohub/nucleo/app/test0/../../lib/builtins/aeabi_l2f.o
 .text          0x00000000        0x0 out/nanohub/nucleo/app/test0/../../lib/builtins/aeabi_f2ulz.o
 .data          0x00000000        0x0 out/nanohub/nucleo/app/test0/../../lib/builtins/aeabi_f2ulz.o
 .bss           0x00000000        0x0 out/nanohub/nucleo/app/test0/../../lib/builtins/aeabi_f2ulz.o
 .text.__aeabi_f2ulz
                0x00000000       0x44 out/nanohub/nucleo/app/test0/../../lib/builtins/aeabi_f2ulz.o
 .debug_info    0x00000000       0xc2 out/nanohub/nucleo/app/test0/../../lib/builtins/aeabi_f2ulz.o
 .debug_abbrev  0x00000000       0x92 out/nanohub/nucleo/app/test0/../../lib/builtins/aeabi_f2ulz.o
 .debug_loclists
                0x00000000       0x69 out/nanohub/nucleo/app/test0/../../lib/builtins/aeabi_f2ulz.o
 .debug_aranges
                0x00000000       0x20 out/nanohub/nucleo/app/test0/../../lib/builtins/aeabi_f2ulz.o
 .debug_rnglists
                0x00000000       0x13 out/nanohub/nucleo/app/test0/../../lib/builtins/aeabi_f2ulz.o
 .debug_line    0x00000000       0x9c out/nanohub/nucleo/app/test0/../../lib/builtins/aeabi_f2ulz.o
 .debug_str     0x00000000      0x21a out/nanohub/nucleo/app/test0/../../lib/builtins/aeabi_f2ulz.o
 .comment       0x00000000       0x46 out/nanohub/nucleo/app/test0/../../lib/builtins/aeabi_f2ulz.o
 .debug_frame   0x00000000       0x20 out/nanohub/nucleo/app/test0/../../lib/builtins/aeabi_f2ulz.o
 .ARM.attributes
                0x00000000       0x2e out/nanohub/nucleo/app/test0/../../lib/builtins/aeabi_f2ulz.o
 .text          0x00000000        0x0 out/nanohub/nucleo/app/test0/../../lib/libc/aeabi.o
 .data          0x00000000        0x0 out/nanohub/nucleo/app/test0/../../lib/libc/aeabi.o
 .bss           0x00000000        0x0 out/nanohub/nucleo/app/test0/../../lib/libc/aeabi.o
 .text.__aeabi_vec_ctor_nocookie_nodtor
                0x00000000       0x26 out/nanohub/nucleo/app/test0/../../lib/libc/aeabi.o
 .text.__aeabi_vec_ctor_cookie_nodtor
                0x00000000       0x14 out/nanohub/nucleo/app/test0/../../lib/libc/aeabi.o
 .text.__aeabi_vec_cctor_nocookie_nodtor
                0x00000000       0x36 out/nanohub/nucleo/app/test0/../../lib/libc/aeabi.o
 .text.__aeabi_vec_new_cookie_noctor
                0x00000000       0x16 out/nanohub/nucleo/app/test0/../../lib/libc/aeabi.o
 .text.__aeabi_vec_new_nocookie
                0x00000000       0x1c out/nanohub/nucleo/app/test0/../../lib/libc/aeabi.o
 .text.__aeabi_vec_new_cookie_nodtor
                0x00000000       0x1e out/nanohub/nucleo/app/test0/../../lib/libc/aeabi.o
 .text.__aeabi_vec_new_cookie
                0x00000000        0x4 out/nanohub/nucleo/app/test0/../../lib/libc/aeabi.o
 .text.__aeabi_vec_dtor
                0x00000000       0x26 out/nanohub/nucleo/app/test0/../../lib/libc/aeabi.o
 .text.__aeabi_vec_dtor_cookie
                0x00000000        0xc out/nanohub/nucleo/app/test0/../../lib/libc/aeabi.o
 .text.__aeabi_vec_delete
                0x00000000        0xe out/nanohub/nucleo/app/test0/../../lib/libc/aeabi.o
 .text.__aeabi_vec_delete3
                0x00000000       0x1e out/nanohub/nucleo/app/test0/../../lib/libc/aeabi.o
 .text.__aeabi_vec_delete3_nodtor
                0x00000000       0x12 out/nanohub/nucleo/app/test0/../../lib/libc/aeabi.o
 .text.__aeabi_atexit
                0x00000000        0x4 out/nanohub/nucleo/app/test0/../../lib/libc/aeabi.o
 .debug_info    0x00000000      0xe53 out/nanohub/nucleo/app/test0/../../lib/libc/aeabi.o
 .debug_abbrev  0x00000000      0x32f out/nanohub/nucleo/app/test0/../../lib/libc/aeabi.o
 .debug_loclists
                0x00000000      0x568 out/nanohub/nucleo/app/test0/../../lib/libc/aeabi.o
 .debug_aranges
                0x00000000       0x80 out/nanohub/nucleo/app/test0/../../lib/libc/aeabi.o
 .debug_rnglists
                0x00000000       0xa3 out/nanohub/nucleo/app/test0/../../lib/libc/aeabi.o
 .debug_line    0x00000000      0x572 out/nanohub/nucleo/app/test0/../../lib/libc/aeabi.o
 .debug_str     0x00000000      0x840 out/nanohub/nucleo/app/test0/../../lib/libc/aeabi.o
 .comment       0x00000000       0x46 out/nanohub/nucleo/app/test0/../../lib/libc/aeabi.o
 .debug_frame   0x00000000      0x18c out/nanohub/nucleo/app/test0/../../lib/libc/aeabi.o
 .ARM.attributes
                0x00000000       0x2e out/nanohub/nucleo/app/test0/../../lib/libc/aeabi.o
 .text          0x00000000        0x0 out/nanohub/nucleo/app/test0/../../lib/libc/cxa.o
 .data          0x00000000        0x0 out/nanohub/nucleo/app/test0/../../lib/libc/cxa.o
 .bss           0x00000000        0x0 out/nanohub/nucleo/app/test0/../../lib/libc/cxa.o
 .text.__cxa_pure_virtual
                0x00000000        0x2 out/nanohub/nucleo/app/test0/../../lib/libc/cxa.o
 .text.__cxa_deleted_virtual
                0x00000000        0x2 out/nanohub/nucleo/app/test0/../../lib/libc/cxa.o
 .text.__cxa_guard_acquire
                0x00000000        0xa out/nanohub/nucleo/app/test0/../../lib/libc/cxa.o
 .text.__cxa_guard_release
                0x00000000        0x6 out/nanohub/nucleo/app/test0/../../lib/libc/cxa.o
 .text.__cxa_guard_abort
                0x00000000        0x6 out/nanohub/nucleo/app/test0/../../lib/libc/cxa.o
 .debug_info    0x00000000      0x9f9 out/nanohub/nucleo/app/test0/../../lib/libc/cxa.o
 .debug_abbrev  0x00000000      0x1e0 out/nanohub/nucleo/app/test0/../../lib/libc/cxa.o
 .debug_loclists
                0x00000000       0x50 out/nanohub/nucleo/app/test0/../../lib/libc/cxa.o
 .debug_aranges
                0x00000000       0x40 out/nanohub/nucleo/app/test0/../../lib/libc/cxa.o
 .debug_rnglists
                0x00000000       0x2b out/nanohub/nucleo/app/test0/../../lib/libc/cxa.o
 .debug_line    0x00000000      0x302 out/nanohub/nucleo/app/test0/../../lib/libc/cxa.o
 .debug_str     0x00000000      0x678 out/nanohub/nucleo/app/test0/../../lib/libc/cxa.o
 .comment       0x00000000       0x46 out/nanohub/nucleo/app/test0/../../lib/libc/cxa.o
 .debug_frame   0x00000000       0x60 out/nanohub/nucleo/app/test0/../../lib/libc/cxa.o
 .ARM.attributes
                0x00000000       0x2e out/nanohub/nucleo/app/test0/../../lib/libc/cxa.o
 .text          0x00000000        0x0 out/nanohub/nucleo/app/test0/../../lib/libc/new.o
 .data          0x00000000        0x0 out/nanohub/nucleo/app/test0/../../lib/libc/new.o
 .bss           0x00000000        0x0 out/nanohub/nucleo/app/test0/../../lib/libc/new.o
 .text._Znwj    0x00000000        0xa out/nanohub/nucleo/app/test0/../../lib/libc/new.o
 .text._Znaj    0x00000000        0xa out/nanohub/nucleo/app/test0/../../lib/libc/new.o
 .text._ZdlPv   0x00000000        0xa out/nanohub/nucleo/app/test0/../../lib/libc/new.o
 .text._ZdaPv   0x00000000        0xa out/nanohub/nucleo/app/test0/../../lib/libc/new.o
 .debug_info    0x00000000      0x79e out/nanohub/nucleo/app/test0/../../lib/libc/new.o
 .debug_abbrev  0x00000000      0x295 out/nanohub/nucleo/app/test0/../../lib/libc/new.o
 .debug_loclists
                0x00000000       0x84 out/nanohub/nucleo/app/test0/../../lib/libc/new.o
 .debug_aranges
                0x00000000       0x38 out/nanohub/nucleo/app/test0/../../lib/libc/new.o
 .debug_rnglists
                0x00000000       0x25 out/nanohub/nucleo/app/test0/../../lib/libc/new.o
 .debug_line    0x00000000      0x2f1 out/nanohub/nucleo/app/test0/../../lib/libc/new.o
 .debug_str     0x00000000      0x46e out/nanohub/nucleo/app/test0/../../lib/libc/new.o
 .comment       0x00000000       0x46 out/nanohub/nucleo/app/test0/../../lib/libc/new.o
 .debug_frame   0x00000000       0x50 out/nanohub/nucleo/app/test0/../../lib/libc/new.o
 .ARM.attributes
                0x00000000       0x2e out/nanohub/nucleo/app/test0/../../lib/libc/new.o

Memory Configuration

Name             Origin             Length             Attributes
flash            0x10000000         0x00040000
ram              0x80000000         0x00020000
trash            0xf0000000         0x00040000
*default*        0x00000000         0xffffffff

Linker script and memory map

LOAD out/nanohub/nucleo/app/test0/../../lib/builtins/aeabi_ldivmod.o
LOAD out/nanohub/nucleo/app/test0/../../lib/builtins/aeabi_uldivmod.o
LOAD out/nanohub/nucleo/app/test0/test_app0.o
LOAD out/nanohub/nucleo/app/test0/../../lib/libm/ef_atan2.o
LOAD out/nanohub/nucleo/app/test0/../../lib/libm/ef_asin.o
LOAD out/nanohub/nucleo/app/test0/../../lib/libm/ef_exp.o
LOAD out/nanohub/nucleo/app/test0/../../lib/libm/ef_fmod.o
LOAD out/nanohub/nucleo/app/test0/../../lib/libm/ef_pow.o
LOAD out/nanohub/nucleo/app/test0/../../lib/libm/ef_rem_pio2.o
LOAD out/nanohub/nucleo/app/test0/../../lib/libm/ef_sqrt.o
LOAD out/nanohub/nucleo/app/test0/../../lib/libm/kf_cos.o
LOAD out/nanohub/nucleo/app/test0/../../lib/libm/kf_rem_pio2.o
LOAD out/nanohub/nucleo/app/test0/../../lib/libm/kf_sin.o
LOAD out/nanohub/nucleo/app/test0/../../lib/libm/sf_atan.o
LOAD out/nanohub/nucleo/app/test0/../../lib/libm/sf_cos.o
LOAD out/nanohub/nucleo/app/test0/../../lib/libm/sf_floor.o
LOAD out/nanohub/nucleo/app/test0/../../lib/libm/sf_fpclassify.o
LOAD out/nanohub/nucleo/app/test0/../../lib/libm/sf_round.o
LOAD out/nanohub/nucleo/app/test0/../../lib/libm/sf_scalbn.o
LOAD out/nanohub/nucleo/app/test0/../../lib/libm/sf_sin.o
LOAD out/nanohub/nucleo/app/test0/../../lib/libm/wf_atan2.o
LOAD out/nanohub/nucleo/app/test0/../../lib/libm/wf_asin.o
LOAD out/nanohub/nucleo/app/test0/../../lib/libm/wf_exp.o
LOAD out/nanohub/nucleo/app/test0/../../lib/libm/wf_fmod.o
LOAD out/nanohub/nucleo/app/test0/../../lib/libm/wf_pow.o
LOAD out/nanohub/nucleo/app/test0/../../lib/libc/memcmp.o
LOAD out/nanohub/nucleo/app/test0/../../lib/libc/memcpy.o
LOAD out/nanohub/nucleo/app/test0/../../lib/libc/memmove.o
LOAD out/nanohub/nucleo/app/test0/../../lib/libc/memset.o
LOAD out/nanohub/nucleo/app/test0/../../lib/libc/strcasecmp.o
LOAD out/nanohub/nucleo/app/test0/../../lib/libc/strncpy.o
LOAD out/nanohub/nucleo/app/test0/../../lib/libc/strlen.o
LOAD out/nanohub/nucleo/app/test0/../../lib/libc/crt.o
LOAD out/nanohub/nucleo/app/test0/../../lib/builtins/divdi3.o
LOAD out/nanohub/nucleo/app/test0/../../lib/builtins/divmoddi4.o
LOAD out/nanohub/nucleo/app/test0/../../lib/builtins/moddi3.o
LOAD out/nanohub/nucleo/app/test0/../../lib/builtins/udivmoddi4.o
LOAD out/nanohub/nucleo/app/test0/../../lib/builtins/umoddi3.o
LOAD out/nanohub/nucleo/app/test0/../../lib/builtins/aeabi_f2d.o
LOAD out/nanohub/nucleo/app/test0/../../lib/builtins/aeabi_llsl.o
LOAD out/nanohub/nucleo/app/test0/../../lib/builtins/aeabi_llsr.o
LOAD out/nanohub/nucleo/app/test0/../../lib/builtins/aeabi_ul2f.o
LOAD out/nanohub/nucleo/app/test0/../../lib/builtins/aeabi_l2f.o
LOAD out/nanohub/nucleo/app/test0/../../lib/builtins/aeabi_f2ulz.o
LOAD out/nanohub/nucleo/app/test0/../../lib/libc/aeabi.o
LOAD out/nanohub/nucleo/app/test0/../../lib/libc/cxa.o
LOAD out/nanohub/nucleo/app/test0/../../lib/libc/new.o

.flash          0x10000000      0x270
                0x10000000        0x4 LONG 0x4e49424e
 *(.app_version)
 .app_version   0x10000004        0x4 out/nanohub/nucleo/app/test0/test_app0.o
                0x10000004                _mAppVer
                0x10000008        0x4 LONG 0x80000000 __data_start
                0x1000000c        0x4 LONG 0x80000000 __data_end
                0x10000010        0x4 LONG 0x10000270 LOADADDR (.data)
                0x10000014        0x4 LONG 0x80000024 __bss_start
                0x10000018        0x4 LONG 0x8000002c __bss_end
                0x1000001c        0x4 LONG 0x80000004 __got_start
                0x10000020        0x4 LONG 0x80000024 __got_end
                0x10000024        0x4 LONG 0x10000294 __rel_start
                0x10000028        0x4 LONG 0x10000294 __rel_end
 *(.app_init)
 .app_init      0x1000002c        0xc out/nanohub/nucleo/app/test0/test_app0.o
                0x1000002c                _mAppFuncs
 *(.text)
 *(.text.*)
 .text.eOsLog   0x10000038       0x1a out/nanohub/nucleo/app/test0/test_app0.o
 *fill*         0x10000052        0x2 ff
 .text.end_task
                0x10000054       0x10 out/nanohub/nucleo/app/test0/test_app0.o
 .text.start_task
                0x10000064       0x2c out/nanohub/nucleo/app/test0/test_app0.o
 .text.syscallDoGeneric.constprop.0
                0x10000090       0x14 out/nanohub/nucleo/app/test0/test_app0.o
 .text.handle_event
                0x100000a4      0x13c out/nanohub/nucleo/app/test0/test_app0.o
 *(.rodata)
 *(.rodata.*)
 .rodata.end_task.str1.1
                0x100001e0       0x12 out/nanohub/nucleo/app/test0/test_app0.o
 .rodata.handle_event.str1.1
                0x100001f2       0x7d out/nanohub/nucleo/app/test0/test_app0.o
                0x10000270                        . = ALIGN (0x4)
 *fill*         0x1000026f        0x1 ff

.glue_7         0x10000270        0x0
 .glue_7        0x10000270        0x0 linker stubs

.glue_7t        0x10000270        0x0
 .glue_7t       0x10000270        0x0 linker stubs

.vfp11_veneer   0x10000270        0x0
 .vfp11_veneer  0x10000270        0x0 linker stubs

.v4_bx          0x10000270        0x0
 .v4_bx         0x10000270        0x0 linker stubs

.iplt           0x10000270        0x0
 .iplt          0x10000270        0x0 out/nanohub/nucleo/app/test0/test_app0.o

.data           0x80000000       0x24 load address 0x10000270
                0x80000000                        . = ALIGN (0x4)
                0x80000000                        __data_start = ABSOLUTE (.)
                0x80000000                        __dso_handle = ABSOLUTE (__data_start)
 *(.data)
 *(.data.*)
                0x80000000                        . = ALIGN (0x4)
                0x80000000                        __data_end = ABSOLUTE (.)
                0x80000000                        . = ALIGN (0x4)
                0x80000000                        __init_array_start = ABSOLUTE (.)
 *(SORT_BY_NAME(.init_array.*))
 *(.init_array)
                0x80000000                        __init_array_end = ABSOLUTE (.)
                0x80000000                        . = ALIGN (0x4)
                0x80000000                        __fini_array_start = ABSOLUTE (.)
 *(SORT_BY_NAME(.fini_array.*))
 *(.fini_array)
                0x80000000                        __fini_array_end = ABSOLUTE (.)
                0x80000000        0x4 LONG 0x0
                0x80000004                        . = ALIGN (0x4)
                0x80000004                        __got_start = ABSOLUTE (.)
 *(.got)
 .got           0x80000004       0x14 out/nanohub/nucleo/app/test0/test_app0.o
 *(.got.*)
 .got.plt       0x80000018        0xc out/nanohub/nucleo/app/test0/test_app0.o
                0x80000018                _GLOBAL_OFFSET_TABLE_
                0x80000024                        __got_end = ABSOLUTE (.)

.igot.plt       0x80000024        0x0 load address 0x10000294
 .igot.plt      0x80000024        0x0 out/nanohub/nucleo/app/test0/test_app0.o

.relocs         0x10000294        0x0
                0x10000294                        . = ALIGN (0x4)
                0x10000294                        __rel_start = ABSOLUTE (.)
 *(.rel)
 *(.rel.*)
 .rel.iplt      0x10000294        0x0 out/nanohub/nucleo/app/test0/test_app0.o
 .rel.got       0x10000294        0x0 out/nanohub/nucleo/app/test0/test_app0.o
 *(.rel.data.rel.local)
                0x10000294                        __rel_end = ABSOLUTE (.)
                0x10000294                        . = ALIGN (0x4)

.dynsym
 *(.dynsym)
 *(.dynsym.*)

.bss            0x80000024        0x8
                0x80000024                        . = ALIGN (0x4)
                0x80000024                        __bss_start = ABSOLUTE (.)
 *(.bss)
 *(.bss.*)
 .bss.cnt       0x80000024        0x4 out/nanohub/nucleo/app/test0/test_app0.o
 .bss.mMyTid    0x80000028        0x4 out/nanohub/nucleo/app/test0/test_app0.o
 *(COMMON)
                0x8000002c                        . = ALIGN (0x4)
                0x8000002c                        __bss_end = ABSOLUTE (.)
                0x10000270                        __data_data = LOADADDR (.data)

.dynstr
 *(.dynstr)
 *(.dynstr.*)

.hash
 *(.hash)
 *(.hash.*)

.dynamic
 *(.dynamic)
 *(.dynamic.*)
OUTPUT(out/nanohub/nucleo/app/test0/test0.elf elf32-littlearm)
LOAD linker stubs

.debug_info     0x00000000      0xb9d
 .debug_info    0x00000000      0xb9d out/nanohub/nucleo/app/test0/test_app0.o

.debug_abbrev   0x00000000      0x2fd
 .debug_abbrev  0x00000000      0x2fd out/nanohub/nucleo/app/test0/test_app0.o

.debug_loclists
                0x00000000      0x24a
 .debug_loclists
                0x00000000      0x24a out/nanohub/nucleo/app/test0/test_app0.o

.debug_aranges  0x00000000       0x40
 .debug_aranges
                0x00000000       0x40 out/nanohub/nucleo/app/test0/test_app0.o

.debug_rnglists
                0x00000000       0xcb
 .debug_rnglists
                0x00000000       0xcb out/nanohub/nucleo/app/test0/test_app0.o

.debug_line     0x00000000      0x42d
 .debug_line    0x00000000      0x42d out/nanohub/nucleo/app/test0/test_app0.o

.debug_str      0x00000000      0x489
 .debug_str     0x00000000      0x489 out/nanohub/nucleo/app/test0/test_app0.o
                                0x4f7 (size before relaxing)

.comment        0x00000000       0x45
 .comment       0x00000000       0x45 out/nanohub/nucleo/app/test0/test_app0.o
                                 0x46 (size before relaxing)

.ARM.attributes
                0x00000000       0x2a
 .ARM.attributes
                0x00000000       0x2e out/nanohub/nucleo/app/test0/test_app0.o

.debug_frame    0x00000000       0xbc
 .debug_frame   0x00000000       0xbc out/nanohub/nucleo/app/test0/test_app0.o

Cross Reference Table

Symbol                                            File
_GLOBAL_OFFSET_TABLE_                             out/nanohub/nucleo/app/test0/test_app0.o
__aeabi_atexit                                    out/nanohub/nucleo/app/test0/../../lib/libc/aeabi.o
__aeabi_f2d                                       out/nanohub/nucleo/app/test0/../../lib/builtins/aeabi_f2d.o
__aeabi_f2ulz                                     out/nanohub/nucleo/app/test0/../../lib/builtins/aeabi_f2ulz.o
__aeabi_l2f                                       out/nanohub/nucleo/app/test0/../../lib/builtins/aeabi_l2f.o
__aeabi_ldivmod                                   out/nanohub/nucleo/app/test0/../../lib/builtins/aeabi_ldivmod.o
__aeabi_llsl                                      out/nanohub/nucleo/app/test0/../../lib/builtins/aeabi_llsl.o
__aeabi_llsr                                      out/nanohub/nucleo/app/test0/../../lib/builtins/aeabi_llsr.o
__aeabi_ul2f                                      out/nanohub/nucleo/app/test0/../../lib/builtins/aeabi_ul2f.o
__aeabi_uldivmod                                  out/nanohub/nucleo/app/test0/../../lib/builtins/aeabi_uldivmod.o
__aeabi_vec_cctor_nocookie_nodtor                 out/nanohub/nucleo/app/test0/../../lib/libc/aeabi.o
__aeabi_vec_ctor_cookie_nodtor                    out/nanohub/nucleo/app/test0/../../lib/libc/aeabi.o
__aeabi_vec_ctor_nocookie_nodtor                  out/nanohub/nucleo/app/test0/../../lib/libc/aeabi.o
__aeabi_vec_delete                                out/nanohub/nucleo/app/test0/../../lib/libc/aeabi.o
__aeabi_vec_delete3                               out/nanohub/nucleo/app/test0/../../lib/libc/aeabi.o
__aeabi_vec_delete3_nodtor                        out/nanohub/nucleo/app/test0/../../lib/libc/aeabi.o
__aeabi_vec_dtor                                  out/nanohub/nucleo/app/test0/../../lib/libc/aeabi.o
__aeabi_vec_dtor_cookie                           out/nanohub/nucleo/app/test0/../../lib/libc/aeabi.o
__aeabi_vec_new_cookie                            out/nanohub/nucleo/app/test0/../../lib/libc/aeabi.o
__aeabi_vec_new_cookie_noctor                     out/nanohub/nucleo/app/test0/../../lib/libc/aeabi.o
__aeabi_vec_new_cookie_nodtor                     out/nanohub/nucleo/app/test0/../../lib/libc/aeabi.o
__aeabi_vec_new_nocookie                          out/nanohub/nucleo/app/test0/../../lib/libc/aeabi.o
__bss_end                                         out/nanohub/nucleo/app/test0/../../lib/libc/crt.o
__crt_exit                                        out/nanohub/nucleo/app/test0/../../lib/libc/crt.o
__crt_init                                        out/nanohub/nucleo/app/test0/../../lib/libc/crt.o
__cxa_deleted_virtual                             out/nanohub/nucleo/app/test0/../../lib/libc/cxa.o
__cxa_guard_abort                                 out/nanohub/nucleo/app/test0/../../lib/libc/cxa.o
__cxa_guard_acquire                               out/nanohub/nucleo/app/test0/../../lib/libc/cxa.o
__cxa_guard_release                               out/nanohub/nucleo/app/test0/../../lib/libc/cxa.o
__cxa_pure_virtual                                out/nanohub/nucleo/app/test0/../../lib/libc/cxa.o
__divdi3                                          out/nanohub/nucleo/app/test0/../../lib/builtins/divdi3.o
                                                  out/nanohub/nucleo/app/test0/../../lib/builtins/divmoddi4.o
__divmoddi4                                       out/nanohub/nucleo/app/test0/../../lib/builtins/divmoddi4.o
                                                  out/nanohub/nucleo/app/test0/../../lib/builtins/aeabi_ldivmod.o
__fini_array_end                                  out/nanohub/nucleo/app/test0/../../lib/libc/crt.o
__fini_array_start                                out/nanohub/nucleo/app/test0/../../lib/libc/crt.o
__fpclassifyf                                     out/nanohub/nucleo/app/test0/../../lib/libm/sf_fpclassify.o
__got_start                                       out/nanohub/nucleo/app/test0/../../lib/libc/crt.o
__ieee754_asinf                                   out/nanohub/nucleo/app/test0/../../lib/libm/ef_asin.o
                                                  out/nanohub/nucleo/app/test0/../../lib/libm/wf_asin.o
__ieee754_atan2f                                  out/nanohub/nucleo/app/test0/../../lib/libm/ef_atan2.o
                                                  out/nanohub/nucleo/app/test0/../../lib/libm/wf_atan2.o
__ieee754_expf                                    out/nanohub/nucleo/app/test0/../../lib/libm/ef_exp.o
                                                  out/nanohub/nucleo/app/test0/../../lib/libm/wf_exp.o
__ieee754_fmodf                                   out/nanohub/nucleo/app/test0/../../lib/libm/ef_fmod.o
                                                  out/nanohub/nucleo/app/test0/../../lib/libm/wf_fmod.o
__ieee754_powf                                    out/nanohub/nucleo/app/test0/../../lib/libm/ef_pow.o
                                                  out/nanohub/nucleo/app/test0/../../lib/libm/wf_pow.o
__ieee754_rem_pio2f                               out/nanohub/nucleo/app/test0/../../lib/libm/ef_rem_pio2.o
                                                  out/nanohub/nucleo/app/test0/../../lib/libm/sf_sin.o
                                                  out/nanohub/nucleo/app/test0/../../lib/libm/sf_cos.o
__ieee754_sqrtf                                   out/nanohub/nucleo/app/test0/../../lib/libm/ef_sqrt.o
                                                  out/nanohub/nucleo/app/test0/../../lib/libm/ef_pow.o
                                                  out/nanohub/nucleo/app/test0/../../lib/libm/ef_asin.o
__init_array_end                                  out/nanohub/nucleo/app/test0/../../lib/libc/crt.o
__init_array_start                                out/nanohub/nucleo/app/test0/../../lib/libc/crt.o
__kernel_cosf                                     out/nanohub/nucleo/app/test0/../../lib/libm/kf_cos.o
                                                  out/nanohub/nucleo/app/test0/../../lib/libm/sf_sin.o
                                                  out/nanohub/nucleo/app/test0/../../lib/libm/sf_cos.o
__kernel_rem_pio2f                                out/nanohub/nucleo/app/test0/../../lib/libm/kf_rem_pio2.o
                                                  out/nanohub/nucleo/app/test0/../../lib/libm/ef_rem_pio2.o
__kernel_sinf                                     out/nanohub/nucleo/app/test0/../../lib/libm/kf_sin.o
                                                  out/nanohub/nucleo/app/test0/../../lib/libm/sf_sin.o
                                                  out/nanohub/nucleo/app/test0/../../lib/libm/sf_cos.o
__moddi3                                          out/nanohub/nucleo/app/test0/../../lib/builtins/moddi3.o
__udivmoddi4                                      out/nanohub/nucleo/app/test0/../../lib/builtins/udivmoddi4.o
                                                  out/nanohub/nucleo/app/test0/../../lib/builtins/umoddi3.o
                                                  out/nanohub/nucleo/app/test0/../../lib/builtins/moddi3.o
                                                  out/nanohub/nucleo/app/test0/../../lib/builtins/divdi3.o
                                                  out/nanohub/nucleo/app/test0/../../lib/builtins/aeabi_uldivmod.o
__umoddi3                                         out/nanohub/nucleo/app/test0/../../lib/builtins/umoddi3.o
_mAppFuncs                                        out/nanohub/nucleo/app/test0/test_app0.o
_mAppVer                                          out/nanohub/nucleo/app/test0/test_app0.o
asinf                                             out/nanohub/nucleo/app/test0/../../lib/libm/wf_asin.o
atan2f                                            out/nanohub/nucleo/app/test0/../../lib/libm/wf_atan2.o
atanf                                             out/nanohub/nucleo/app/test0/../../lib/libm/sf_atan.o
                                                  out/nanohub/nucleo/app/test0/../../lib/libm/ef_atan2.o
cosf                                              out/nanohub/nucleo/app/test0/../../lib/libm/sf_cos.o
expf                                              out/nanohub/nucleo/app/test0/../../lib/libm/wf_exp.o
floorf                                            out/nanohub/nucleo/app/test0/../../lib/libm/sf_floor.o
                                                  out/nanohub/nucleo/app/test0/../../lib/libm/kf_rem_pio2.o
fmodf                                             out/nanohub/nucleo/app/test0/../../lib/libm/wf_fmod.o
memcmp                                            out/nanohub/nucleo/app/test0/../../lib/libc/memcmp.o
memcpy                                            out/nanohub/nucleo/app/test0/../../lib/libc/memcpy.o
memmove                                           out/nanohub/nucleo/app/test0/../../lib/libc/memmove.o
memset                                            out/nanohub/nucleo/app/test0/../../lib/libc/memset.o
                                                  out/nanohub/nucleo/app/test0/../../lib/libc/strncpy.o
                                                  out/nanohub/nucleo/app/test0/../../lib/libm/kf_rem_pio2.o
operator delete(void*)                            out/nanohub/nucleo/app/test0/../../lib/libc/new.o
operator delete[](void*)                          out/nanohub/nucleo/app/test0/../../lib/libc/new.o
                                                  out/nanohub/nucleo/app/test0/../../lib/libc/aeabi.o
operator new(unsigned int)                        out/nanohub/nucleo/app/test0/../../lib/libc/new.o
operator new[](unsigned int)                      out/nanohub/nucleo/app/test0/../../lib/libc/new.o
                                                  out/nanohub/nucleo/app/test0/../../lib/libc/aeabi.o
powf                                              out/nanohub/nucleo/app/test0/../../lib/libm/wf_pow.o
roundf                                            out/nanohub/nucleo/app/test0/../../lib/libm/sf_round.o
scalbnf                                           out/nanohub/nucleo/app/test0/../../lib/libm/sf_scalbn.o
                                                  out/nanohub/nucleo/app/test0/../../lib/libm/kf_rem_pio2.o
                                                  out/nanohub/nucleo/app/test0/../../lib/libm/ef_pow.o
sinf                                              out/nanohub/nucleo/app/test0/../../lib/libm/sf_sin.o
strcasecmp                                        out/nanohub/nucleo/app/test0/../../lib/libc/strcasecmp.o
strlen                                            out/nanohub/nucleo/app/test0/../../lib/libc/strlen.o
strncasecmp                                       out/nanohub/nucleo/app/test0/../../lib/libc/strcasecmp.o
strncpy                                           out/nanohub/nucleo/app/test0/../../lib/libc/strncpy.o
